Archive member included because of file (symbol)

c:/dev/devkitPro/libgba/lib\libgba.a(console.o)
                              main.o (consoleDemoInit)
c:/dev/devkitPro/libgba/lib\libgba.a(interrupt.o)
                              main.o (irqInit)
c:/dev/devkitPro/libgba/lib\libgba.a(InterruptDispatcher.o)
                              c:/dev/devkitPro/libgba/lib\libgba.a(interrupt.o) (IntrMain)
c:/dev/devkitPro/libgba/lib\libgba.a(amiga.fnt.o)
                              c:/dev/devkitPro/libgba/lib\libgba.a(console.o) (amiga_fnt_size)
c:/dev/devkitPro/libgba/lib\libgba.a(CpuSet.o)
                              c:/dev/devkitPro/libgba/lib\libgba.a(console.o) (CpuFastSet)
c:/dev/devkitpro/devkitarm/bin/../lib/gcc/arm-eabi/4.4.0/../../../../arm-eabi/lib/thumb\libg.a(lib_a-impure.o)
                              c:/dev/devkitPro/libgba/lib\libgba.a(console.o) (_impure_ptr)
c:/dev/devkitpro/devkitarm/bin/../lib/gcc/arm-eabi/4.4.0/../../../../arm-eabi/lib/thumb\libg.a(lib_a-init.o)
                              c:/dev/devkitpro/devkitarm/bin/../lib/gcc/arm-eabi/4.4.0/../../../../arm-eabi/lib/thumb/gba_crt0.o (__libc_init_array)
c:/dev/devkitpro/devkitarm/bin/../lib/gcc/arm-eabi/4.4.0/../../../../arm-eabi/lib/thumb\libg.a(lib_a-iprintf.o)
                              main.o (iprintf)
c:/dev/devkitpro/devkitarm/bin/../lib/gcc/arm-eabi/4.4.0/../../../../arm-eabi/lib/thumb\libg.a(lib_a-setvbuf.o)
                              c:/dev/devkitPro/libgba/lib\libgba.a(console.o) (setvbuf)
c:/dev/devkitpro/devkitarm/bin/../lib/gcc/arm-eabi/4.4.0/../../../../arm-eabi/lib/thumb\libg.a(lib_a-siscanf.o)
                              c:/dev/devkitPro/libgba/lib\libgba.a(console.o) (siscanf)
c:/dev/devkitpro/devkitarm/bin/../lib/gcc/arm-eabi/4.4.0/../../../../arm-eabi/lib/thumb\libg.a(lib_a-strlen.o)
                              c:/dev/devkitpro/devkitarm/bin/../lib/gcc/arm-eabi/4.4.0/../../../../arm-eabi/lib/thumb\libg.a(lib_a-siscanf.o) (strlen)
c:/dev/devkitpro/devkitarm/bin/../lib/gcc/arm-eabi/4.4.0/../../../../arm-eabi/lib/thumb\libg.a(lib_a-svfiscanf.o)
                              c:/dev/devkitpro/devkitarm/bin/../lib/gcc/arm-eabi/4.4.0/../../../../arm-eabi/lib/thumb\libg.a(lib_a-siscanf.o) (__ssvfiscanf_r)
c:/dev/devkitpro/devkitarm/bin/../lib/gcc/arm-eabi/4.4.0/../../../../arm-eabi/lib/thumb\libg.a(lib_a-ungetc.o)
                              c:/dev/devkitpro/devkitarm/bin/../lib/gcc/arm-eabi/4.4.0/../../../../arm-eabi/lib/thumb\libg.a(lib_a-svfiscanf.o) (__submore)
c:/dev/devkitpro/devkitarm/bin/../lib/gcc/arm-eabi/4.4.0/../../../../arm-eabi/lib/thumb\libg.a(lib_a-vfiprintf.o)
                              c:/dev/devkitpro/devkitarm/bin/../lib/gcc/arm-eabi/4.4.0/../../../../arm-eabi/lib/thumb\libg.a(lib_a-iprintf.o) (_vfiprintf_r)
c:/dev/devkitpro/devkitarm/bin/../lib/gcc/arm-eabi/4.4.0/../../../../arm-eabi/lib/thumb\libg.a(lib_a-wcrtomb.o)
                              c:/dev/devkitpro/devkitarm/bin/../lib/gcc/arm-eabi/4.4.0/../../../../arm-eabi/lib/thumb\libg.a(lib_a-vfiprintf.o) (_wcrtomb_r)
c:/dev/devkitpro/devkitarm/bin/../lib/gcc/arm-eabi/4.4.0/../../../../arm-eabi/lib/thumb\libg.a(lib_a-wcsrtombs.o)
                              c:/dev/devkitpro/devkitarm/bin/../lib/gcc/arm-eabi/4.4.0/../../../../arm-eabi/lib/thumb\libg.a(lib_a-vfiprintf.o) (_wcsrtombs_r)
c:/dev/devkitpro/devkitarm/bin/../lib/gcc/arm-eabi/4.4.0/../../../../arm-eabi/lib/thumb\libg.a(lib_a-wctomb_r.o)
                              c:/dev/devkitpro/devkitarm/bin/../lib/gcc/arm-eabi/4.4.0/../../../../arm-eabi/lib/thumb\libg.a(lib_a-wcrtomb.o) (_wctomb_r)
c:/dev/devkitpro/devkitarm/bin/../lib/gcc/arm-eabi/4.4.0/../../../../arm-eabi/lib/thumb\libg.a(lib_a-wsetup.o)
                              c:/dev/devkitpro/devkitarm/bin/../lib/gcc/arm-eabi/4.4.0/../../../../arm-eabi/lib/thumb\libg.a(lib_a-vfiprintf.o) (__swsetup_r)
c:/dev/devkitpro/devkitarm/bin/../lib/gcc/arm-eabi/4.4.0/../../../../arm-eabi/lib/thumb\libg.a(lib_a-ctype_.o)
                              c:/dev/devkitpro/devkitarm/bin/../lib/gcc/arm-eabi/4.4.0/../../../../arm-eabi/lib/thumb\libg.a(lib_a-svfiscanf.o) (__ctype_ptr__)
c:/dev/devkitpro/devkitarm/bin/../lib/gcc/arm-eabi/4.4.0/../../../../arm-eabi/lib/thumb\libg.a(lib_a-fflush.o)
                              c:/dev/devkitpro/devkitarm/bin/../lib/gcc/arm-eabi/4.4.0/../../../../arm-eabi/lib/thumb\libg.a(lib_a-setvbuf.o) (_fflush_r)
c:/dev/devkitpro/devkitarm/bin/../lib/gcc/arm-eabi/4.4.0/../../../../arm-eabi/lib/thumb\libg.a(lib_a-findfp.o)
                              c:/dev/devkitpro/devkitarm/bin/../lib/gcc/arm-eabi/4.4.0/../../../../arm-eabi/lib/thumb\libg.a(lib_a-setvbuf.o) (_cleanup_r)
c:/dev/devkitpro/devkitarm/bin/../lib/gcc/arm-eabi/4.4.0/../../../../arm-eabi/lib/thumb\libg.a(lib_a-freer.o)
                              c:/dev/devkitpro/devkitarm/bin/../lib/gcc/arm-eabi/4.4.0/../../../../arm-eabi/lib/thumb\libg.a(lib_a-setvbuf.o) (_free_r)
[...]
Memory Configuration

Name             Origin             Length             Attributes
rom              0x08000000         0x02000000
iwram            0x03000000         0x00008000
ewram            0x02000000         0x00040000
*default*        0x00000000         0xffffffff

Linker script and memory map

                0x02000000                __text_start = 0x2000000
                0x02040000                __eheap_end = 0x2040000
                0x03000000                __iwram_start = 0x3000000
                0x03008000                __iwram_top = 0x3008000
                0x03007fa0                __sp_irq = (__iwram_top - 0x60)
                0x03007f00                __sp_usr = (__sp_irq - 0xa0)
                0x03007ff8                __irq_flags = 0x3007ff8
                0x02000000                . = __text_start

.init           0x02000000      0x21c
 *(.init)
 .init          0x02000000      0x210 c:/dev/devkitpro/devkitarm/bin/../lib/gcc/arm-eabi/4.4.0/../../../../arm-eabi/lib/thumb/gba_crt0.o
                0x020000c4                __boot_method
                0x020000c5                __slave_number
                0x02000000                _start
                0x020000e0                start_vector
 .init          0x02000210        0x4 c:/dev/devkitpro/devkitarm/bin/../lib/gcc/arm-eabi/4.4.0/thumb/crti.o
                0x02000210                _init
 .init          0x02000214        0x8 c:/dev/devkitpro/devkitarm/bin/../lib/gcc/arm-eabi/4.4.0/thumb/crtn.o
                0x0200021c                . = ALIGN (0x4)

.plt            0x0200021c        0x0
 *(.plt)
                0x0200021c                . = ALIGN (0x4)

.text           0x0200021c     0x561c
 *(EXCLUDE_FILE(*.iwram*) .text)
 .text          0x0200021c        0x0 c:/dev/devkitpro/devkitarm/bin/../lib/gcc/arm-eabi/4.4.0/../../../../arm-eabi/lib/thumb/gba_crt0.o
 .text          0x0200021c        0x0 c:/dev/devkitpro/devkitarm/bin/../lib/gcc/arm-eabi/4.4.0/thumb/crti.o
 .text          0x0200021c       0x6c c:/dev/devkitpro/devkitarm/bin/../lib/gcc/arm-eabi/4.4.0/thumb/crtbegin.o
 .text          0x02000288       0x20 main.o
                0x02000288                main
 .text          0x020002a8      0x628 c:/dev/devkitPro/libgba/lib\libgba.a(console.o)
                0x02000680                con_write
                0x020002d4                upcvt_4bit
                0x02000334                consoleCls
                0x02000364                consoleInit
                0x020002a8                con_read
                0x0200047c                consolePrintChar
                0x020002b0                con_close
                0x020002b8                con_open
                0x02000564                consoleDemoInit
 .text          0x020008d0      0x2b8 c:/dev/devkitPro/libgba/lib\libgba.a(interrupt.o)
                0x02000b2c                DisableInterrupt
                0x02000a14                irqEnable
                0x020009d0                irqSet
                0x02000a74                irqDisable
                0x0200098c                SetInterrupt
                0x02000930                irqInit
                0x02000ad0                EnableInterrupt
                0x020008d4                InitInterrupt
                0x020008d0                dummy
 .text          0x02000b88        0x0 c:/dev/devkitPro/libgba/lib\libgba.a(InterruptDispatcher.o)
 .text          0x02000b88        0x0 c:/dev/devkitPro/libgba/lib\libgba.a(amiga.fnt.o)
 .text          0x02000b88        0x8 c:/dev/devkitPro/libgba/lib\libgba.a(CpuSet.o)
                0x02000b8c                CpuFastSet
                0x02000b88                CpuSet
 .text          0x02000b90        0x0 c:/dev/devkitpro/devkitarm/bin/../lib/gcc/arm-eabi/4.4.0/../../../../arm-eabi/lib/thumb\libg.a(lib_a-impure.o)
 .text          0x02000b90       0x84 c:/dev/devkitpro/devkitarm/bin/../lib/gcc/arm-eabi/4.4.0/../../../../arm-eabi/lib/thumb\libg.a(lib_a-init.o)
                0x02000bc0                __libc_init_array
                0x02000b90                __libc_fini_array
 .text          0x02000c14       0x40 c:/dev/devkitpro/devkitarm/bin/../lib/gcc/arm-eabi/4.4.0/../../../../arm-eabi/lib/thumb\libg.a(lib_a-iprintf.o)
                0x02000c14                _iprintf_r
                0x02000c30                iprintf
 .text          0x02000c54      0x10c c:/dev/devkitpro/devkitarm/bin/../lib/gcc/arm-eabi/4.4.0/../../../../arm-eabi/lib/thumb\libg.a(lib_a-setvbuf.o)
                0x02000c54                setvbuf
 .text          0x02000d60       0xa4 c:/dev/devkitpro/devkitarm/bin/../lib/gcc/arm-eabi/4.4.0/../../../../arm-eabi/lib/thumb\libg.a(lib_a-siscanf.o)
                0x02000d64                _siscanf_r
                0x02000db4                siscanf
 .text          0x02000e04       0x6c c:/dev/devkitpro/devkitarm/bin/../lib/gcc/arm-eabi/4.4.0/../../../../arm-eabi/lib/thumb\libg.a(lib_a-strlen.o)
                0x02000e04                strlen
 .text          0x02000e70      0xa6c c:/dev/devkitpro/devkitarm/bin/../lib/gcc/arm-eabi/4.4.0/../../../../arm-eabi/lib/thumb\libg.a(lib_a-svfiscanf.o)
                0x02000f44                __ssvfiscanf_r
 .text          0x020018dc      0x1a0 c:/dev/devkitpro/devkitarm/bin/../lib/gcc/arm-eabi/4.4.0/../../../../arm-eabi/lib/thumb\libg.a(lib_a-ungetc.o)
                0x02001a60                ungetc
                0x020018dc                __submore
                0x02001958                _ungetc_r
 .text          0x02001a7c      0xd48 c:/dev/devkitpro/devkitarm/bin/../lib/gcc/arm-eabi/4.4.0/../../../../arm-eabi/lib/thumb\libg.a(lib_a-vfiprintf.o)
                0x020027a4                vfiprintf
                0x02001a9c                _vfiprintf_r
 .text          0x020027c4       0x64 c:/dev/devkitpro/devkitarm/bin/../lib/gcc/arm-eabi/4.4.0/../../../../arm-eabi/lib/thumb\libg.a(lib_a-wcrtomb.o)
                0x020027c4                _wcrtomb_r
                0x02002808                wcrtomb
 .text          0x02002828      0x104 c:/dev/devkitpro/devkitarm/bin/../lib/gcc/arm-eabi/4.4.0/../../../../arm-eabi/lib/thumb\libg.a(lib_a-wcsrtombs.o)
                0x02002828                _wcsrtombs_r
                0x02002904                wcsrtombs
 .text          0x0200292c      0x2c8 c:/dev/devkitpro/devkitarm/bin/../lib/gcc/arm-eabi/4.4.0/../../../../arm-eabi/lib/thumb\libg.a(lib_a-wctomb_r.o)
                0x0200292c                _wctomb_r
 .text          0x02002bf4       0xd0 c:/dev/devkitpro/devkitarm/bin/../lib/gcc/arm-eabi/4.4.0/../../../../arm-eabi/lib/thumb\libg.a(lib_a-wsetup.o)
                0x02002bf4                __swsetup_r
 .text          0x02002cc4        0x0 c:/dev/devkitpro/devkitarm/bin/../lib/gcc/arm-eabi/4.4.0/../../../../arm-eabi/lib/thumb\libg.a(lib_a-ctype_.o)
 .text          0x02002cc4      0x148 c:/dev/devkitpro/devkitarm/bin/../lib/gcc/arm-eabi/4.4.0/../../../../arm-eabi/lib/thumb\libg.a(lib_a-fflush.o)
                0x02002dd8                fflush
                0x02002cc4                _fflush_r
 .text          0x02002e0c      0x1e0 c:/dev/devkitpro/devkitarm/bin/../lib/gcc/arm-eabi/4.4.0/../../../../arm-eabi/lib/thumb\libg.a(lib_a-findfp.o)
                0x02002ed0                __sinit
                0x02002f2c                __sfmoreglue
                0x02002e70                _cleanup
                0x02002e5c                _cleanup_r
                0x02002e40                __fp_lock_all
                0x02002e0c                __sfp_lock_acquire
                0x02002f5c                __sfp
                0x02002e18                __sinit_lock_release
                0x02002e24                __fp_unlock_all
                0x02002e10                __sfp_lock_release
                0x02002e14                __sinit_lock_acquire
 .text          0x02002fec      0x250 c:/dev/devkitpro/devkitarm/bin/../lib/gcc/arm-eabi/4.4.0/../../../../arm-eabi/lib/thumb\libg.a(lib_a-freer.o)
                0x02003090                _free_r
                0x02002fec                _malloc_trim_r
 .text          0x0200323c      0x328 c:/dev/devkitpro/devkitarm/bin/../lib/gcc/arm-eabi/4.4.0/../../../../arm-eabi/lib/thumb\libg.a(lib_a-fvwrite.o)
                0x0200323c                __sfvwrite_r
 .text          0x02003564       0xc4 c:/dev/devkitpro/devkitarm/bin/../lib/gcc/arm-eabi/4.4.0/../../../../arm-eabi/lib/thumb\libg.a(lib_a-fwalk.o)
                0x020035c8                _fwalk
                0x02003564                _fwalk_reent
 .text          0x02003628       0xe8 c:/dev/devkitpro/devkitarm/bin/../lib/gcc/arm-eabi/4.4.0/../../../../arm-eabi/lib/thumb\libg.a(lib_a-iswspace.o)
                0x02003628                iswspace
 .text          0x02003710      0x190 c:/dev/devkitpro/devkitarm/bin/../lib/gcc/arm-eabi/4.4.0/../../../../arm-eabi/lib/thumb\libg.a(lib_a-jp2uc.o)
                0x02003710                __jp2uc
 .text          0x020038a0      0x28c c:/dev/devkitpro/devkitarm/bin/../lib/gcc/arm-eabi/4.4.0/../../../../arm-eabi/lib/thumb\libg.a(lib_a-locale.o)
                0x020038bc                _setlocale_r
                0x020038a0                __locale_charset
                0x020038ac                _localeconv_r
                0x02003b10                setlocale
                0x020038b4                localeconv
 .text          0x02003b2c       0xe8 c:/dev/devkitpro/devkitarm/bin/../lib/gcc/arm-eabi/4.4.0/../../../../arm-eabi/lib/thumb\libg.a(lib_a-makebuf.o)
                0x02003b2c                __smakebuf_r
 .text          0x02003c14       0x30 c:/dev/devkitpro/devkitarm/bin/../lib/gcc/arm-eabi/4.4.0/../../../../arm-eabi/lib/thumb\libg.a(lib_a-malloc.o)
                0x02003c2c                malloc
                0x02003c14                free
 .text          0x02003c44      0x504 c:/dev/devkitpro/devkitarm/bin/../lib/gcc/arm-eabi/4.4.0/../../../../arm-eabi/lib/thumb\libg.a(lib_a-mallocr.o)
                0x02003c44                _malloc_r
 .text          0x02004148       0x70 c:/dev/devkitpro/devkitarm/bin/../lib/gcc/arm-eabi/4.4.0/../../../../arm-eabi/lib/thumb\libg.a(lib_a-mbrtowc.o)
                0x02004190                mbrtowc
                0x02004148                _mbrtowc_r
 .text          0x020041b8      0x660 c:/dev/devkitpro/devkitarm/bin/../lib/gcc/arm-eabi/4.4.0/../../../../arm-eabi/lib/thumb\libg.a(lib_a-mbtowc_r.o)
                0x020041b8                _mbtowc_r
 .text          0x02004818       0x80 c:/dev/devkitpro/devkitarm/bin/../lib/gcc/arm-eabi/4.4.0/../../../../arm-eabi/lib/thumb\libg.a(lib_a-memchr.o)
                0x02004818                memchr
 .text          0x02004898       0x80 c:/dev/devkitpro/devkitarm/bin/../lib/gcc/arm-eabi/4.4.0/../../../../arm-eabi/lib/thumb\libg.a(lib_a-memcpy.o)
                0x02004898                memcpy
 .text          0x02004918       0xa0 c:/dev/devkitpro/devkitarm/bin/../lib/gcc/arm-eabi/4.4.0/../../../../arm-eabi/lib/thumb\libg.a(lib_a-memmove.o)
                0x02004918                memmove
 .text          0x020049b8       0x94 c:/dev/devkitpro/devkitarm/bin/../lib/gcc/arm-eabi/4.4.0/../../../../arm-eabi/lib/thumb\libg.a(lib_a-memset.o)
                0x020049b8                memset
 .text          0x02004a4c        0x8 c:/dev/devkitpro/devkitarm/bin/../lib/gcc/arm-eabi/4.4.0/../../../../arm-eabi/lib/thumb\libg.a(lib_a-mlock.o)
                0x02004a50                __malloc_unlock
                0x02004a4c                __malloc_lock
 .text          0x02004a54      0x360 c:/dev/devkitpro/devkitarm/bin/../lib/gcc/arm-eabi/4.4.0/../../../../arm-eabi/lib/thumb\libg.a(lib_a-reallocr.o)
                0x02004a54                _realloc_r
 .text          0x02004db4       0x78 c:/dev/devkitpro/devkitarm/bin/../lib/gcc/arm-eabi/4.4.0/../../../../arm-eabi/lib/thumb\libg.a(lib_a-sccl.o)
                0x02004db4                __sccl
 .text          0x02004e2c       0xa8 c:/dev/devkitpro/devkitarm/bin/../lib/gcc/arm-eabi/4.4.0/../../../../arm-eabi/lib/thumb\libg.a(lib_a-stdio.o)
                0x02004e3c                __sseek
                0x02004ea8                __sread
                0x02004e2c                __sclose
                0x02004e6c                __swrite
 .text          0x02004ed4       0x5c c:/dev/devkitpro/devkitarm/bin/../lib/gcc/arm-eabi/4.4.0/../../../../arm-eabi/lib/thumb\libg.a(lib_a-strcmp.o)
                0x02004ed4                strcmp
 .text          0x02004f30       0x4c c:/dev/devkitpro/devkitarm/bin/../lib/gcc/arm-eabi/4.4.0/../../../../arm-eabi/lib/thumb\libg.a(lib_a-strcpy.o)
                0x02004f30                strcpy
 .text          0x02004f7c      0x190 c:/dev/devkitpro/devkitarm/bin/../lib/gcc/arm-eabi/4.4.0/../../../../arm-eabi/lib/thumb\libg.a(lib_a-strtol.o)
                0x020050ec                strtol
                0x02004f7c                _strtol_r
 .text          0x0200510c      0x17c c:/dev/devkitpro/devkitarm/bin/../lib/gcc/arm-eabi/4.4.0/../../../../arm-eabi/lib/thumb\libg.a(lib_a-strtoul.o)
                0x02005268                strtoul
                0x0200510c                _strtoul_r
 .text          0x02005288       0xc0 c:/dev/devkitpro/devkitarm/bin/../lib/gcc/arm-eabi/4.4.0/../../../../arm-eabi/lib/thumb\libg.a(lib_a-fclose.o)
                0x02005288                _fclose_r
                0x0200532c                fclose
 .text          0x02005348      0x13c c:/dev/devkitpro/devkitarm/bin/../lib/gcc/arm-eabi/4.4.0/../../../../arm-eabi/lib/thumb\libsysbase.a(iosupport.o)
                0x02005460                RemoveDevice
                0x02005348                setDefaultDevice
                0x0200535c                AddDevice
                0x02005440                GetDeviceOpTab
                0x020053d8                FindDevice
 .text          0x02005484       0x50 c:/dev/devkitpro/devkitarm/bin/../lib/gcc/arm-eabi/4.4.0/../../../../arm-eabi/lib/thumb\libsysbase.a(close.o)
                0x02005484                _close_r
 .text          0x020054d4       0x58 c:/dev/devkitpro/devkitarm/bin/../lib/gcc/arm-eabi/4.4.0/../../../../arm-eabi/lib/thumb\libsysbase.a(fstat.o)
                0x020054d4                _fstat_r
 .text          0x0200552c        0x4 c:/dev/devkitpro/devkitarm/bin/../lib/gcc/arm-eabi/4.4.0/../../../../arm-eabi/lib/thumb\libsysbase.a(isatty.o)
                0x0200552c                _isatty_r
 .text          0x02005530       0x50 c:/dev/devkitpro/devkitarm/bin/../lib/gcc/arm-eabi/4.4.0/../../../../arm-eabi/lib/thumb\libsysbase.a(lseek.o)
                0x02005530                _lseek_r
 .text          0x02005580       0x50 c:/dev/devkitpro/devkitarm/bin/../lib/gcc/arm-eabi/4.4.0/../../../../arm-eabi/lib/thumb\libsysbase.a(read.o)
                0x02005580                _read_r
 .text          0x020055d0       0x54 c:/dev/devkitpro/devkitarm/bin/../lib/gcc/arm-eabi/4.4.0/../../../../arm-eabi/lib/thumb\libsysbase.a(sbrk.o)
                0x020055d0                _sbrk_r
 .text          0x02005624       0x50 c:/dev/devkitpro/devkitarm/bin/../lib/gcc/arm-eabi/4.4.0/../../../../arm-eabi/lib/thumb\libsysbase.a(write.o)
                0x02005624                _write_r
 .text          0x02005674        0x0 c:/dev/devkitpro/devkitarm/bin/../lib/gcc/arm-eabi/4.4.0/../../../../arm-eabi/lib/thumb\libsysbase.a(malloc_vars.o)
 .text          0x02005674       0x88 c:/dev/devkitpro/devkitarm/bin/../lib/gcc/arm-eabi/4.4.0/../../../../arm-eabi/lib/thumb\libsysbase.a(handle_manager.o)
                0x020056d0                __release_handle
                0x02005694                __alloc_handle
                0x02005674                __get_handle
 .text          0x020056fc       0x8c c:/dev/devkitpro/devkitarm/bin/../lib/gcc/arm-eabi/4.4.0/thumb\libgcc.a(_udivsi3.o)
                0x020056fc                __udivsi3
                0x020056fc                __aeabi_uidiv
                0x02005778                __aeabi_uidivmod
 .text          0x02005788        0x4 c:/dev/devkitpro/devkitarm/bin/../lib/gcc/arm-eabi/4.4.0/thumb\libgcc.a(_dvmd_tls.o)
                0x02005788                __aeabi_ldiv0
                0x02005788                __div0
                0x02005788                __aeabi_idiv0
 .text          0x0200578c       0xac c:/dev/devkitpro/devkitarm/bin/../lib/gcc/arm-eabi/4.4.0/../../../../arm-eabi/lib/thumb\libg.a(lib_a-strncmp.o)
                0x0200578c                strncmp
 .text          0x02005838        0x0 c:/dev/devkitpro/devkitarm/bin/../lib/gcc/arm-eabi/4.4.0/thumb/crtend.o
 .text          0x02005838        0x0 c:/dev/devkitpro/devkitarm/bin/../lib/gcc/arm-eabi/4.4.0/thumb/crtn.o
 *(.text .stub .text.* .gnu.linkonce.t.*)
 *(.text.*personality*)
 *(.gnu.warning)
 *(.glue_7t)
 .glue_7t       0x02005838        0x0 c:/dev/devkitpro/devkitarm/bin/../lib/gcc/arm-eabi/4.4.0/../../../../arm-eabi/lib/thumb/gba_crt0.o
 .glue_7t       0x02005838        0x0 c:/dev/devkitpro/devkitarm/bin/../lib/gcc/arm-eabi/4.4.0/thumb/crti.o
 .glue_7t       0x02005838        0x0 c:/dev/devkitpro/devkitarm/bin/../lib/gcc/arm-eabi/4.4.0/thumb/crtbegin.o
 .glue_7t       0x02005838        0x0 main.o
 .glue_7t       0x02005838        0x0 c:/dev/devkitPro/libgba/lib\libgba.a(console.o)
 .glue_7t       0x02005838        0x0 c:/dev/devkitPro/libgba/lib\libgba.a(interrupt.o)
 .glue_7t       0x02005838        0x0 c:/dev/devkitPro/libgba/lib\libgba.a(InterruptDispatcher.o)
 .glue_7t       0x02005838        0x0 c:/dev/devkitPro/libgba/lib\libgba.a(amiga.fnt.o)
 .glue_7t       0x02005838        0x0 c:/dev/devkitPro/libgba/lib\libgba.a(CpuSet.o)
 .glue_7t       0x02005838        0x0 c:/dev/devkitpro/devkitarm/bin/../lib/gcc/arm-eabi/4.4.0/../../../../arm-eabi/lib/thumb\libg.a(lib_a-impure.o)
 .glue_7t       0x02005838        0x0 c:/dev/devkitpro/devkitarm/bin/../lib/gcc/arm-eabi/4.4.0/../../../../arm-eabi/lib/thumb\libg.a(lib_a-init.o)
 .glue_7t       0x02005838        0x0 c:/dev/devkitpro/devkitarm/bin/../lib/gcc/arm-eabi/4.4.0/../../../../arm-eabi/lib/thumb\libg.a(lib_a-iprintf.o)
 .glue_7t       0x02005838        0x0 c:/dev/devkitpro/devkitarm/bin/../lib/gcc/arm-eabi/4.4.0/../../../../arm-eabi/lib/thumb\libg.a(lib_a-setvbuf.o)
 .glue_7t       0x02005838        0x0 c:/dev/devkitpro/devkitarm/bin/../lib/gcc/arm-eabi/4.4.0/../../../../arm-eabi/lib/thumb\libg.a(lib_a-siscanf.o)
 .glue_7t       0x02005838        0x0 c:/dev/devkitpro/devkitarm/bin/../lib/gcc/arm-eabi/4.4.0/../../../../arm-eabi/lib/thumb\libg.a(lib_a-strlen.o)
 .glue_7t       0x02005838        0x0 c:/dev/devkitpro/devkitarm/bin/../lib/gcc/arm-eabi/4.4.0/../../../../arm-eabi/lib/thumb\libg.a(lib_a-svfiscanf.o)
 .glue_7t       0x02005838        0x0 c:/dev/devkitpro/devkitarm/bin/../lib/gcc/arm-eabi/4.4.0/../../../../arm-eabi/lib/thumb\libg.a(lib_a-ungetc.o)
 .glue_7t       0x02005838        0x0 c:/dev/devkitpro/devkitarm/bin/../lib/gcc/arm-eabi/4.4.0/../../../../arm-eabi/lib/thumb\libg.a(lib_a-vfiprintf.o)
 .glue_7t       0x02005838        0x0 c:/dev/devkitpro/devkitarm/bin/../lib/gcc/arm-eabi/4.4.0/../../../../arm-eabi/lib/thumb\libg.a(lib_a-wcrtomb.o)
 .glue_7t       0x02005838        0x0 c:/dev/devkitpro/devkitarm/bin/../lib/gcc/arm-eabi/4.4.0/../../../../arm-eabi/lib/thumb\libg.a(lib_a-wcsrtombs.o)
 .glue_7t       0x02005838        0x0 c:/dev/devkitpro/devkitarm/bin/../lib/gcc/arm-eabi/4.4.0/../../../../arm-eabi/lib/thumb\libg.a(lib_a-wctomb_r.o)
 .glue_7t       0x02005838        0x0 c:/dev/devkitpro/devkitarm/bin/../lib/gcc/arm-eabi/4.4.0/../../../../arm-eabi/lib/thumb\libg.a(lib_a-wsetup.o)
 .glue_7t       0x02005838        0x0 c:/dev/devkitpro/devkitarm/bin/../lib/gcc/arm-eabi/4.4.0/../../../../arm-eabi/lib/thumb\libg.a(lib_a-ctype_.o)
 .glue_7t       0x02005838        0x0 c:/dev/devkitpro/devkitarm/bin/../lib/gcc/arm-eabi/4.4.0/../../../../arm-eabi/lib/thumb\libg.a(lib_a-fflush.o)
 .glue_7t       0x02005838        0x0 c:/dev/devkitpro/devkitarm/bin/../lib/gcc/arm-eabi/4.4.0/../../../../arm-eabi/lib/thumb\libg.a(lib_a-findfp.o)
 .glue_7t       0x02005838        0x0 c:/dev/devkitpro/devkitarm/bin/../lib/gcc/arm-eabi/4.4.0/../../../../arm-eabi/lib/thumb\libg.a(lib_a-freer.o)
 .glue_7t       0x02005838        0x0 c:/dev/devkitpro/devkitarm/bin/../lib/gcc/arm-eabi/4.4.0/../../../../arm-eabi/lib/thumb\libg.a(lib_a-fvwrite.o)
 .glue_7t       0x02005838        0x0 c:/dev/devkitpro/devkitarm/bin/../lib/gcc/arm-eabi/4.4.0/../../../../arm-eabi/lib/thumb\libg.a(lib_a-fwalk.o)
 .glue_7t       0x02005838        0x0 c:/dev/devkitpro/devkitarm/bin/../lib/gcc/arm-eabi/4.4.0/../../../../arm-eabi/lib/thumb\libg.a(lib_a-iswspace.o)
 .glue_7t       0x02005838        0x0 c:/dev/devkitpro/devkitarm/bin/../lib/gcc/arm-eabi/4.4.0/../../../../arm-eabi/lib/thumb\libg.a(lib_a-jp2uc.o)
 .glue_7t       0x02005838        0x0 c:/dev/devkitpro/devkitarm/bin/../lib/gcc/arm-eabi/4.4.0/../../../../arm-eabi/lib/thumb\libg.a(lib_a-locale.o)
 .glue_7t       0x02005838        0x0 c:/dev/devkitpro/devkitarm/bin/../lib/gcc/arm-eabi/4.4.0/../../../../arm-eabi/lib/thumb\libg.a(lib_a-makebuf.o)
 .glue_7t       0x02005838        0x0 c:/dev/devkitpro/devkitarm/bin/../lib/gcc/arm-eabi/4.4.0/../../../../arm-eabi/lib/thumb\libg.a(lib_a-malloc.o)
 .glue_7t       0x02005838        0x0 c:/dev/devkitpro/devkitarm/bin/../lib/gcc/arm-eabi/4.4.0/../../../../arm-eabi/lib/thumb\libg.a(lib_a-mallocr.o)
 .glue_7t       0x02005838        0x0 c:/dev/devkitpro/devkitarm/bin/../lib/gcc/arm-eabi/4.4.0/../../../../arm-eabi/lib/thumb\libg.a(lib_a-mbrtowc.o)
 .glue_7t       0x02005838        0x0 c:/dev/devkitpro/devkitarm/bin/../lib/gcc/arm-eabi/4.4.0/../../../../arm-eabi/lib/thumb\libg.a(lib_a-mbtowc_r.o)
 .glue_7t       0x02005838        0x0 c:/dev/devkitpro/devkitarm/bin/../lib/gcc/arm-eabi/4.4.0/../../../../arm-eabi/lib/thumb\libg.a(lib_a-memchr.o)
 .glue_7t       0x02005838        0x0 c:/dev/devkitpro/devkitarm/bin/../lib/gcc/arm-eabi/4.4.0/../../../../arm-eabi/lib/thumb\libg.a(lib_a-memcpy.o)
 .glue_7t       0x02005838        0x0 c:/dev/devkitpro/devkitarm/bin/../lib/gcc/arm-eabi/4.4.0/../../../../arm-eabi/lib/thumb\libg.a(lib_a-memmove.o)
 .glue_7t       0x02005838        0x0 c:/dev/devkitpro/devkitarm/bin/../lib/gcc/arm-eabi/4.4.0/../../../../arm-eabi/lib/thumb\libg.a(lib_a-memset.o)
 .glue_7t       0x02005838        0x0 c:/dev/devkitpro/devkitarm/bin/../lib/gcc/arm-eabi/4.4.0/../../../../arm-eabi/lib/thumb\libg.a(lib_a-mlock.o)
 .glue_7t       0x02005838        0x0 c:/dev/devkitpro/devkitarm/bin/../lib/gcc/arm-eabi/4.4.0/../../../../arm-eabi/lib/thumb\libg.a(lib_a-reallocr.o)
 .glue_7t       0x02005838        0x0 c:/dev/devkitpro/devkitarm/bin/../lib/gcc/arm-eabi/4.4.0/../../../../arm-eabi/lib/thumb\libg.a(lib_a-sccl.o)
 .glue_7t       0x02005838        0x0 c:/dev/devkitpro/devkitarm/bin/../lib/gcc/arm-eabi/4.4.0/../../../../arm-eabi/lib/thumb\libg.a(lib_a-stdio.o)
 .glue_7t       0x02005838        0x0 c:/dev/devkitpro/devkitarm/bin/../lib/gcc/arm-eabi/4.4.0/../../../../arm-eabi/lib/thumb\libg.a(lib_a-strcmp.o)
 .glue_7t       0x02005838        0x0 c:/dev/devkitpro/devkitarm/bin/../lib/gcc/arm-eabi/4.4.0/../../../../arm-eabi/lib/thumb\libg.a(lib_a-strcpy.o)
 .glue_7t       0x02005838        0x0 c:/dev/devkitpro/devkitarm/bin/../lib/gcc/arm-eabi/4.4.0/../../../../arm-eabi/lib/thumb\libg.a(lib_a-strtol.o)
 .glue_7t       0x02005838        0x0 c:/dev/devkitpro/devkitarm/bin/../lib/gcc/arm-eabi/4.4.0/../../../../arm-eabi/lib/thumb\libg.a(lib_a-strtoul.o)
 .glue_7t       0x02005838        0x0 c:/dev/devkitpro/devkitarm/bin/../lib/gcc/arm-eabi/4.4.0/../../../../arm-eabi/lib/thumb\libg.a(lib_a-fclose.o)
 .glue_7t       0x02005838        0x0 c:/dev/devkitpro/devkitarm/bin/../lib/gcc/arm-eabi/4.4.0/../../../../arm-eabi/lib/thumb\libsysbase.a(iosupport.o)
 .glue_7t       0x02005838        0x0 c:/dev/devkitpro/devkitarm/bin/../lib/gcc/arm-eabi/4.4.0/../../../../arm-eabi/lib/thumb\libsysbase.a(close.o)
 .glue_7t       0x02005838        0x0 c:/dev/devkitpro/devkitarm/bin/../lib/gcc/arm-eabi/4.4.0/../../../../arm-eabi/lib/thumb\libsysbase.a(fstat.o)
 .glue_7t       0x02005838        0x0 c:/dev/devkitpro/devkitarm/bin/../lib/gcc/arm-eabi/4.4.0/../../../../arm-eabi/lib/thumb\libsysbase.a(isatty.o)
 .glue_7t       0x02005838        0x0 c:/dev/devkitpro/devkitarm/bin/../lib/gcc/arm-eabi/4.4.0/../../../../arm-eabi/lib/thumb\libsysbase.a(lseek.o)
 .glue_7t       0x02005838        0x0 c:/dev/devkitpro/devkitarm/bin/../lib/gcc/arm-eabi/4.4.0/../../../../arm-eabi/lib/thumb\libsysbase.a(read.o)
 .glue_7t       0x02005838        0x0 c:/dev/devkitpro/devkitarm/bin/../lib/gcc/arm-eabi/4.4.0/../../../../arm-eabi/lib/thumb\libsysbase.a(sbrk.o)
 .glue_7t       0x02005838        0x0 c:/dev/devkitpro/devkitarm/bin/../lib/gcc/arm-eabi/4.4.0/../../../../arm-eabi/lib/thumb\libsysbase.a(write.o)
 .glue_7t       0x02005838        0x0 c:/dev/devkitpro/devkitarm/bin/../lib/gcc/arm-eabi/4.4.0/../../../../arm-eabi/lib/thumb\libsysbase.a(malloc_vars.o)
 .glue_7t       0x02005838        0x0 c:/dev/devkitpro/devkitarm/bin/../lib/gcc/arm-eabi/4.4.0/../../../../arm-eabi/lib/thumb\libsysbase.a(handle_manager.o)
 .glue_7t       0x02005838        0x0 c:/dev/devkitpro/devkitarm/bin/../lib/gcc/arm-eabi/4.4.0/thumb\libgcc.a(_udivsi3.o)
 .glue_7t       0x02005838        0x0 c:/dev/devkitpro/devkitarm/bin/../lib/gcc/arm-eabi/4.4.0/thumb\libgcc.a(_dvmd_tls.o)
 .glue_7t       0x02005838        0x0 c:/dev/devkitpro/devkitarm/bin/../lib/gcc/arm-eabi/4.4.0/../../../../arm-eabi/lib/thumb\libg.a(lib_a-strncmp.o)
 .glue_7t       0x02005838        0x0 c:/dev/devkitpro/devkitarm/bin/../lib/gcc/arm-eabi/4.4.0/thumb/crtend.o
 .glue_7t       0x02005838        0x0 c:/dev/devkitpro/devkitarm/bin/../lib/gcc/arm-eabi/4.4.0/thumb/crtn.o
 *(.glue_7)
 .glue_7        0x02005838        0x0 c:/dev/devkitpro/devkitarm/bin/../lib/gcc/arm-eabi/4.4.0/../../../../arm-eabi/lib/thumb/gba_crt0.o
 .glue_7        0x02005838        0x0 c:/dev/devkitpro/devkitarm/bin/../lib/gcc/arm-eabi/4.4.0/thumb/crti.o
 .glue_7        0x02005838        0x0 c:/dev/devkitpro/devkitarm/bin/../lib/gcc/arm-eabi/4.4.0/thumb/crtbegin.o
 .glue_7        0x02005838        0x0 main.o
 .glue_7        0x02005838        0x0 c:/dev/devkitPro/libgba/lib\libgba.a(console.o)
 .glue_7        0x02005838        0x0 c:/dev/devkitPro/libgba/lib\libgba.a(interrupt.o)
 .glue_7        0x02005838        0x0 c:/dev/devkitPro/libgba/lib\libgba.a(InterruptDispatcher.o)
 .glue_7        0x02005838        0x0 c:/dev/devkitPro/libgba/lib\libgba.a(amiga.fnt.o)
 .glue_7        0x02005838        0x0 c:/dev/devkitPro/libgba/lib\libgba.a(CpuSet.o)
 .glue_7        0x02005838        0x0 c:/dev/devkitpro/devkitarm/bin/../lib/gcc/arm-eabi/4.4.0/../../../../arm-eabi/lib/thumb\libg.a(lib_a-impure.o)
 .glue_7        0x02005838        0x0 c:/dev/devkitpro/devkitarm/bin/../lib/gcc/arm-eabi/4.4.0/../../../../arm-eabi/lib/thumb\libg.a(lib_a-init.o)
 .glue_7        0x02005838        0x0 c:/dev/devkitpro/devkitarm/bin/../lib/gcc/arm-eabi/4.4.0/../../../../arm-eabi/lib/thumb\libg.a(lib_a-iprintf.o)
 .glue_7        0x02005838        0x0 c:/dev/devkitpro/devkitarm/bin/../lib/gcc/arm-eabi/4.4.0/../../../../arm-eabi/lib/thumb\libg.a(lib_a-setvbuf.o)
 .glue_7        0x02005838        0x0 c:/dev/devkitpro/devkitarm/bin/../lib/gcc/arm-eabi/4.4.0/../../../../arm-eabi/lib/thumb\libg.a(lib_a-siscanf.o)
 .glue_7        0x02005838        0x0 c:/dev/devkitpro/devkitarm/bin/../lib/gcc/arm-eabi/4.4.0/../../../../arm-eabi/lib/thumb\libg.a(lib_a-strlen.o)
 .glue_7        0x02005838        0x0 c:/dev/devkitpro/devkitarm/bin/../lib/gcc/arm-eabi/4.4.0/../../../../arm-eabi/lib/thumb\libg.a(lib_a-svfiscanf.o)
 .glue_7        0x02005838        0x0 c:/dev/devkitpro/devkitarm/bin/../lib/gcc/arm-eabi/4.4.0/../../../../arm-eabi/lib/thumb\libg.a(lib_a-ungetc.o)
 .glue_7        0x02005838        0x0 c:/dev/devkitpro/devkitarm/bin/../lib/gcc/arm-eabi/4.4.0/../../../../arm-eabi/lib/thumb\libg.a(lib_a-vfiprintf.o)
 .glue_7        0x02005838        0x0 c:/dev/devkitpro/devkitarm/bin/../lib/gcc/arm-eabi/4.4.0/../../../../arm-eabi/lib/thumb\libg.a(lib_a-wcrtomb.o)
 .glue_7        0x02005838        0x0 c:/dev/devkitpro/devkitarm/bin/../lib/gcc/arm-eabi/4.4.0/../../../../arm-eabi/lib/thumb\libg.a(lib_a-wcsrtombs.o)
 .glue_7        0x02005838        0x0 c:/dev/devkitpro/devkitarm/bin/../lib/gcc/arm-eabi/4.4.0/../../../../arm-eabi/lib/thumb\libg.a(lib_a-wctomb_r.o)
 .glue_7        0x02005838        0x0 c:/dev/devkitpro/devkitarm/bin/../lib/gcc/arm-eabi/4.4.0/../../../../arm-eabi/lib/thumb\libg.a(lib_a-wsetup.o)
 .glue_7        0x02005838        0x0 c:/dev/devkitpro/devkitarm/bin/../lib/gcc/arm-eabi/4.4.0/../../../../arm-eabi/lib/thumb\libg.a(lib_a-ctype_.o)
 .glue_7        0x02005838        0x0 c:/dev/devkitpro/devkitarm/bin/../lib/gcc/arm-eabi/4.4.0/../../../../arm-eabi/lib/thumb\libg.a(lib_a-fflush.o)
 .glue_7        0x02005838        0x0 c:/dev/devkitpro/devkitarm/bin/../lib/gcc/arm-eabi/4.4.0/../../../../arm-eabi/lib/thumb\libg.a(lib_a-findfp.o)
 .glue_7        0x02005838        0x0 c:/dev/devkitpro/devkitarm/bin/../lib/gcc/arm-eabi/4.4.0/../../../../arm-eabi/lib/thumb\libg.a(lib_a-freer.o)
 .glue_7        0x02005838        0x0 c:/dev/devkitpro/devkitarm/bin/../lib/gcc/arm-eabi/4.4.0/../../../../arm-eabi/lib/thumb\libg.a(lib_a-fvwrite.o)
 .glue_7        0x02005838        0x0 c:/dev/devkitpro/devkitarm/bin/../lib/gcc/arm-eabi/4.4.0/../../../../arm-eabi/lib/thumb\libg.a(lib_a-fwalk.o)
 .glue_7        0x02005838        0x0 c:/dev/devkitpro/devkitarm/bin/../lib/gcc/arm-eabi/4.4.0/../../../../arm-eabi/lib/thumb\libg.a(lib_a-iswspace.o)
 .glue_7        0x02005838        0x0 c:/dev/devkitpro/devkitarm/bin/../lib/gcc/arm-eabi/4.4.0/../../../../arm-eabi/lib/thumb\libg.a(lib_a-jp2uc.o)
 .glue_7        0x02005838        0x0 c:/dev/devkitpro/devkitarm/bin/../lib/gcc/arm-eabi/4.4.0/../../../../arm-eabi/lib/thumb\libg.a(lib_a-locale.o)
 .glue_7        0x02005838        0x0 c:/dev/devkitpro/devkitarm/bin/../lib/gcc/arm-eabi/4.4.0/../../../../arm-eabi/lib/thumb\libg.a(lib_a-makebuf.o)
 .glue_7        0x02005838        0x0 c:/dev/devkitpro/devkitarm/bin/../lib/gcc/arm-eabi/4.4.0/../../../../arm-eabi/lib/thumb\libg.a(lib_a-malloc.o)
 .glue_7        0x02005838        0x0 c:/dev/devkitpro/devkitarm/bin/../lib/gcc/arm-eabi/4.4.0/../../../../arm-eabi/lib/thumb\libg.a(lib_a-mallocr.o)
 .glue_7        0x02005838        0x0 c:/dev/devkitpro/devkitarm/bin/../lib/gcc/arm-eabi/4.4.0/../../../../arm-eabi/lib/thumb\libg.a(lib_a-mbrtowc.o)
 .glue_7        0x02005838        0x0 c:/dev/devkitpro/devkitarm/bin/../lib/gcc/arm-eabi/4.4.0/../../../../arm-eabi/lib/thumb\libg.a(lib_a-mbtowc_r.o)
 .glue_7        0x02005838        0x0 c:/dev/devkitpro/devkitarm/bin/../lib/gcc/arm-eabi/4.4.0/../../../../arm-eabi/lib/thumb\libg.a(lib_a-memchr.o)
 .glue_7        0x02005838        0x0 c:/dev/devkitpro/devkitarm/bin/../lib/gcc/arm-eabi/4.4.0/../../../../arm-eabi/lib/thumb\libg.a(lib_a-memcpy.o)
 .glue_7        0x02005838        0x0 c:/dev/devkitpro/devkitarm/bin/../lib/gcc/arm-eabi/4.4.0/../../../../arm-eabi/lib/thumb\libg.a(lib_a-memmove.o)
 .glue_7        0x02005838        0x0 c:/dev/devkitpro/devkitarm/bin/../lib/gcc/arm-eabi/4.4.0/../../../../arm-eabi/lib/thumb\libg.a(lib_a-memset.o)
 .glue_7        0x02005838        0x0 c:/dev/devkitpro/devkitarm/bin/../lib/gcc/arm-eabi/4.4.0/../../../../arm-eabi/lib/thumb\libg.a(lib_a-mlock.o)
 .glue_7        0x02005838        0x0 c:/dev/devkitpro/devkitarm/bin/../lib/gcc/arm-eabi/4.4.0/../../../../arm-eabi/lib/thumb\libg.a(lib_a-reallocr.o)
 .glue_7        0x02005838        0x0 c:/dev/devkitpro/devkitarm/bin/../lib/gcc/arm-eabi/4.4.0/../../../../arm-eabi/lib/thumb\libg.a(lib_a-sccl.o)
 .glue_7        0x02005838        0x0 c:/dev/devkitpro/devkitarm/bin/../lib/gcc/arm-eabi/4.4.0/../../../../arm-eabi/lib/thumb\libg.a(lib_a-stdio.o)
 .glue_7        0x02005838        0x0 c:/dev/devkitpro/devkitarm/bin/../lib/gcc/arm-eabi/4.4.0/../../../../arm-eabi/lib/thumb\libg.a(lib_a-strcmp.o)
 .glue_7        0x02005838        0x0 c:/dev/devkitpro/devkitarm/bin/../lib/gcc/arm-eabi/4.4.0/../../../../arm-eabi/lib/thumb\libg.a(lib_a-strcpy.o)
 .glue_7        0x02005838        0x0 c:/dev/devkitpro/devkitarm/bin/../lib/gcc/arm-eabi/4.4.0/../../../../arm-eabi/lib/thumb\libg.a(lib_a-strtol.o)
 .glue_7        0x02005838        0x0 c:/dev/devkitpro/devkitarm/bin/../lib/gcc/arm-eabi/4.4.0/../../../../arm-eabi/lib/thumb\libg.a(lib_a-strtoul.o)
 .glue_7        0x02005838        0x0 c:/dev/devkitpro/devkitarm/bin/../lib/gcc/arm-eabi/4.4.0/../../../../arm-eabi/lib/thumb\libg.a(lib_a-fclose.o)
 .glue_7        0x02005838        0x0 c:/dev/devkitpro/devkitarm/bin/../lib/gcc/arm-eabi/4.4.0/../../../../arm-eabi/lib/thumb\libsysbase.a(iosupport.o)
 .glue_7        0x02005838        0x0 c:/dev/devkitpro/devkitarm/bin/../lib/gcc/arm-eabi/4.4.0/../../../../arm-eabi/lib/thumb\libsysbase.a(close.o)
 .glue_7        0x02005838        0x0 c:/dev/devkitpro/devkitarm/bin/../lib/gcc/arm-eabi/4.4.0/../../../../arm-eabi/lib/thumb\libsysbase.a(fstat.o)
 .glue_7        0x02005838        0x0 c:/dev/devkitpro/devkitarm/bin/../lib/gcc/arm-eabi/4.4.0/../../../../arm-eabi/lib/thumb\libsysbase.a(isatty.o)
 .glue_7        0x02005838        0x0 c:/dev/devkitpro/devkitarm/bin/../lib/gcc/arm-eabi/4.4.0/../../../../arm-eabi/lib/thumb\libsysbase.a(lseek.o)
 .glue_7        0x02005838        0x0 c:/dev/devkitpro/devkitarm/bin/../lib/gcc/arm-eabi/4.4.0/../../../../arm-eabi/lib/thumb\libsysbase.a(read.o)
 .glue_7        0x02005838        0x0 c:/dev/devkitpro/devkitarm/bin/../lib/gcc/arm-eabi/4.4.0/../../../../arm-eabi/lib/thumb\libsysbase.a(sbrk.o)
 .glue_7        0x02005838        0x0 c:/dev/devkitpro/devkitarm/bin/../lib/gcc/arm-eabi/4.4.0/../../../../arm-eabi/lib/thumb\libsysbase.a(write.o)
 .glue_7        0x02005838        0x0 c:/dev/devkitpro/devkitarm/bin/../lib/gcc/arm-eabi/4.4.0/../../../../arm-eabi/lib/thumb\libsysbase.a(malloc_vars.o)
 .glue_7        0x02005838        0x0 c:/dev/devkitpro/devkitarm/bin/../lib/gcc/arm-eabi/4.4.0/../../../../arm-eabi/lib/thumb\libsysbase.a(handle_manager.o)
 .glue_7        0x02005838        0x0 c:/dev/devkitpro/devkitarm/bin/../lib/gcc/arm-eabi/4.4.0/thumb\libgcc.a(_udivsi3.o)
 .glue_7        0x02005838        0x0 c:/dev/devkitpro/devkitarm/bin/../lib/gcc/arm-eabi/4.4.0/thumb\libgcc.a(_dvmd_tls.o)
 .glue_7        0x02005838        0x0 c:/dev/devkitpro/devkitarm/bin/../lib/gcc/arm-eabi/4.4.0/../../../../arm-eabi/lib/thumb\libg.a(lib_a-strncmp.o)
 .glue_7        0x02005838        0x0 c:/dev/devkitpro/devkitarm/bin/../lib/gcc/arm-eabi/4.4.0/thumb/crtend.o
 .glue_7        0x02005838        0x0 c:/dev/devkitpro/devkitarm/bin/../lib/gcc/arm-eabi/4.4.0/thumb/crtn.o
 *(.vfp11_veneer)
 .vfp11_veneer  0x02005838        0x0 c:/dev/devkitpro/devkitarm/bin/../lib/gcc/arm-eabi/4.4.0/../../../../arm-eabi/lib/thumb/gba_crt0.o
 .vfp11_veneer  0x02005838        0x0 c:/dev/devkitpro/devkitarm/bin/../lib/gcc/arm-eabi/4.4.0/thumb/crti.o
 .vfp11_veneer  0x02005838        0x0 c:/dev/devkitpro/devkitarm/bin/../lib/gcc/arm-eabi/4.4.0/thumb/crtbegin.o
 .vfp11_veneer  0x02005838        0x0 main.o
 .vfp11_veneer  0x02005838        0x0 c:/dev/devkitPro/libgba/lib\libgba.a(console.o)
 .vfp11_veneer  0x02005838        0x0 c:/dev/devkitPro/libgba/lib\libgba.a(interrupt.o)
 .vfp11_veneer  0x02005838        0x0 c:/dev/devkitPro/libgba/lib\libgba.a(InterruptDispatcher.o)
 .vfp11_veneer  0x02005838        0x0 c:/dev/devkitPro/libgba/lib\libgba.a(amiga.fnt.o)
 .vfp11_veneer  0x02005838        0x0 c:/dev/devkitPro/libgba/lib\libgba.a(CpuSet.o)
 .vfp11_veneer  0x02005838        0x0 c:/dev/devkitpro/devkitarm/bin/../lib/gcc/arm-eabi/4.4.0/../../../../arm-eabi/lib/thumb\libg.a(lib_a-impure.o)
 .vfp11_veneer  0x02005838        0x0 c:/dev/devkitpro/devkitarm/bin/../lib/gcc/arm-eabi/4.4.0/../../../../arm-eabi/lib/thumb\libg.a(lib_a-init.o)
 .vfp11_veneer  0x02005838        0x0 c:/dev/devkitpro/devkitarm/bin/../lib/gcc/arm-eabi/4.4.0/../../../../arm-eabi/lib/thumb\libg.a(lib_a-iprintf.o)
 .vfp11_veneer  0x02005838        0x0 c:/dev/devkitpro/devkitarm/bin/../lib/gcc/arm-eabi/4.4.0/../../../../arm-eabi/lib/thumb\libg.a(lib_a-setvbuf.o)
 .vfp11_veneer  0x02005838        0x0 c:/dev/devkitpro/devkitarm/bin/../lib/gcc/arm-eabi/4.4.0/../../../../arm-eabi/lib/thumb\libg.a(lib_a-siscanf.o)
 .vfp11_veneer  0x02005838        0x0 c:/dev/devkitpro/devkitarm/bin/../lib/gcc/arm-eabi/4.4.0/../../../../arm-eabi/lib/thumb\libg.a(lib_a-strlen.o)
 .vfp11_veneer  0x02005838        0x0 c:/dev/devkitpro/devkitarm/bin/../lib/gcc/arm-eabi/4.4.0/../../../../arm-eabi/lib/thumb\libg.a(lib_a-svfiscanf.o)
 .vfp11_veneer  0x02005838        0x0 c:/dev/devkitpro/devkitarm/bin/../lib/gcc/arm-eabi/4.4.0/../../../../arm-eabi/lib/thumb\libg.a(lib_a-ungetc.o)
 .vfp11_veneer  0x02005838        0x0 c:/dev/devkitpro/devkitarm/bin/../lib/gcc/arm-eabi/4.4.0/../../../../arm-eabi/lib/thumb\libg.a(lib_a-vfiprintf.o)
 .vfp11_veneer  0x02005838        0x0 c:/dev/devkitpro/devkitarm/bin/../lib/gcc/arm-eabi/4.4.0/../../../../arm-eabi/lib/thumb\libg.a(lib_a-wcrtomb.o)
 .vfp11_veneer  0x02005838        0x0 c:/dev/devkitpro/devkitarm/bin/../lib/gcc/arm-eabi/4.4.0/../../../../arm-eabi/lib/thumb\libg.a(lib_a-wcsrtombs.o)
 .vfp11_veneer  0x02005838        0x0 c:/dev/devkitpro/devkitarm/bin/../lib/gcc/arm-eabi/4.4.0/../../../../arm-eabi/lib/thumb\libg.a(lib_a-wctomb_r.o)
 .vfp11_veneer  0x02005838        0x0 c:/dev/devkitpro/devkitarm/bin/../lib/gcc/arm-eabi/4.4.0/../../../../arm-eabi/lib/thumb\libg.a(lib_a-wsetup.o)
 .vfp11_veneer  0x02005838        0x0 c:/dev/devkitpro/devkitarm/bin/../lib/gcc/arm-eabi/4.4.0/../../../../arm-eabi/lib/thumb\libg.a(lib_a-ctype_.o)
 .vfp11_veneer  0x02005838        0x0 c:/dev/devkitpro/devkitarm/bin/../lib/gcc/arm-eabi/4.4.0/../../../../arm-eabi/lib/thumb\libg.a(lib_a-fflush.o)
 .vfp11_veneer  0x02005838        0x0 c:/dev/devkitpro/devkitarm/bin/../lib/gcc/arm-eabi/4.4.0/../../../../arm-eabi/lib/thumb\libg.a(lib_a-findfp.o)
 .vfp11_veneer  0x02005838        0x0 c:/dev/devkitpro/devkitarm/bin/../lib/gcc/arm-eabi/4.4.0/../../../../arm-eabi/lib/thumb\libg.a(lib_a-freer.o)
 .vfp11_veneer  0x02005838        0x0 c:/dev/devkitpro/devkitarm/bin/../lib/gcc/arm-eabi/4.4.0/../../../../arm-eabi/lib/thumb\libg.a(lib_a-fvwrite.o)
 .vfp11_veneer  0x02005838        0x0 c:/dev/devkitpro/devkitarm/bin/../lib/gcc/arm-eabi/4.4.0/../../../../arm-eabi/lib/thumb\libg.a(lib_a-fwalk.o)
 .vfp11_veneer  0x02005838        0x0 c:/dev/devkitpro/devkitarm/bin/../lib/gcc/arm-eabi/4.4.0/../../../../arm-eabi/lib/thumb\libg.a(lib_a-iswspace.o)
 .vfp11_veneer  0x02005838        0x0 c:/dev/devkitpro/devkitarm/bin/../lib/gcc/arm-eabi/4.4.0/../../../../arm-eabi/lib/thumb\libg.a(lib_a-jp2uc.o)
 .vfp11_veneer  0x02005838        0x0 c:/dev/devkitpro/devkitarm/bin/../lib/gcc/arm-eabi/4.4.0/../../../../arm-eabi/lib/thumb\libg.a(lib_a-locale.o)
 .vfp11_veneer  0x02005838        0x0 c:/dev/devkitpro/devkitarm/bin/../lib/gcc/arm-eabi/4.4.0/../../../../arm-eabi/lib/thumb\libg.a(lib_a-makebuf.o)
 .vfp11_veneer  0x02005838        0x0 c:/dev/devkitpro/devkitarm/bin/../lib/gcc/arm-eabi/4.4.0/../../../../arm-eabi/lib/thumb\libg.a(lib_a-malloc.o)
 .vfp11_veneer  0x02005838        0x0 c:/dev/devkitpro/devkitarm/bin/../lib/gcc/arm-eabi/4.4.0/../../../../arm-eabi/lib/thumb\libg.a(lib_a-mallocr.o)
 .vfp11_veneer  0x02005838        0x0 c:/dev/devkitpro/devkitarm/bin/../lib/gcc/arm-eabi/4.4.0/../../../../arm-eabi/lib/thumb\libg.a(lib_a-mbrtowc.o)
 .vfp11_veneer  0x02005838        0x0 c:/dev/devkitpro/devkitarm/bin/../lib/gcc/arm-eabi/4.4.0/../../../../arm-eabi/lib/thumb\libg.a(lib_a-mbtowc_r.o)
 .vfp11_veneer  0x02005838        0x0 c:/dev/devkitpro/devkitarm/bin/../lib/gcc/arm-eabi/4.4.0/../../../../arm-eabi/lib/thumb\libg.a(lib_a-memchr.o)
 .vfp11_veneer  0x02005838        0x0 c:/dev/devkitpro/devkitarm/bin/../lib/gcc/arm-eabi/4.4.0/../../../../arm-eabi/lib/thumb\libg.a(lib_a-memcpy.o)
 .vfp11_veneer  0x02005838        0x0 c:/dev/devkitpro/devkitarm/bin/../lib/gcc/arm-eabi/4.4.0/../../../../arm-eabi/lib/thumb\libg.a(lib_a-memmove.o)
 .vfp11_veneer  0x02005838        0x0 c:/dev/devkitpro/devkitarm/bin/../lib/gcc/arm-eabi/4.4.0/../../../../arm-eabi/lib/thumb\libg.a(lib_a-memset.o)
 .vfp11_veneer  0x02005838        0x0 c:/dev/devkitpro/devkitarm/bin/../lib/gcc/arm-eabi/4.4.0/../../../../arm-eabi/lib/thumb\libg.a(lib_a-mlock.o)
 .vfp11_veneer  0x02005838        0x0 c:/dev/devkitpro/devkitarm/bin/../lib/gcc/arm-eabi/4.4.0/../../../../arm-eabi/lib/thumb\libg.a(lib_a-reallocr.o)
 .vfp11_veneer  0x02005838        0x0 c:/dev/devkitpro/devkitarm/bin/../lib/gcc/arm-eabi/4.4.0/../../../../arm-eabi/lib/thumb\libg.a(lib_a-sccl.o)
 .vfp11_veneer  0x02005838        0x0 c:/dev/devkitpro/devkitarm/bin/../lib/gcc/arm-eabi/4.4.0/../../../../arm-eabi/lib/thumb\libg.a(lib_a-stdio.o)
 .vfp11_veneer  0x02005838        0x0 c:/dev/devkitpro/devkitarm/bin/../lib/gcc/arm-eabi/4.4.0/../../../../arm-eabi/lib/thumb\libg.a(lib_a-strcmp.o)
 .vfp11_veneer  0x02005838        0x0 c:/dev/devkitpro/devkitarm/bin/../lib/gcc/arm-eabi/4.4.0/../../../../arm-eabi/lib/thumb\libg.a(lib_a-strcpy.o)
 .vfp11_veneer  0x02005838        0x0 c:/dev/devkitpro/devkitarm/bin/../lib/gcc/arm-eabi/4.4.0/../../../../arm-eabi/lib/thumb\libg.a(lib_a-strtol.o)
 .vfp11_veneer  0x02005838        0x0 c:/dev/devkitpro/devkitarm/bin/../lib/gcc/arm-eabi/4.4.0/../../../../arm-eabi/lib/thumb\libg.a(lib_a-strtoul.o)
 .vfp11_veneer  0x02005838        0x0 c:/dev/devkitpro/devkitarm/bin/../lib/gcc/arm-eabi/4.4.0/../../../../arm-eabi/lib/thumb\libg.a(lib_a-fclose.o)
 .vfp11_veneer  0x02005838        0x0 c:/dev/devkitpro/devkitarm/bin/../lib/gcc/arm-eabi/4.4.0/../../../../arm-eabi/lib/thumb\libsysbase.a(iosupport.o)
 .vfp11_veneer  0x02005838        0x0 c:/dev/devkitpro/devkitarm/bin/../lib/gcc/arm-eabi/4.4.0/../../../../arm-eabi/lib/thumb\libsysbase.a(close.o)
 .vfp11_veneer  0x02005838        0x0 c:/dev/devkitpro/devkitarm/bin/../lib/gcc/arm-eabi/4.4.0/../../../../arm-eabi/lib/thumb\libsysbase.a(fstat.o)
 .vfp11_veneer  0x02005838        0x0 c:/dev/devkitpro/devkitarm/bin/../lib/gcc/arm-eabi/4.4.0/../../../../arm-eabi/lib/thumb\libsysbase.a(isatty.o)
 .vfp11_veneer  0x02005838        0x0 c:/dev/devkitpro/devkitarm/bin/../lib/gcc/arm-eabi/4.4.0/../../../../arm-eabi/lib/thumb\libsysbase.a(lseek.o)
 .vfp11_veneer  0x02005838        0x0 c:/dev/devkitpro/devkitarm/bin/../lib/gcc/arm-eabi/4.4.0/../../../../arm-eabi/lib/thumb\libsysbase.a(read.o)
 .vfp11_veneer  0x02005838        0x0 c:/dev/devkitpro/devkitarm/bin/../lib/gcc/arm-eabi/4.4.0/../../../../arm-eabi/lib/thumb\libsysbase.a(sbrk.o)
 .vfp11_veneer  0x02005838        0x0 c:/dev/devkitpro/devkitarm/bin/../lib/gcc/arm-eabi/4.4.0/../../../../arm-eabi/lib/thumb\libsysbase.a(write.o)
 .vfp11_veneer  0x02005838        0x0 c:/dev/devkitpro/devkitarm/bin/../lib/gcc/arm-eabi/4.4.0/../../../../arm-eabi/lib/thumb\libsysbase.a(malloc_vars.o)
 .vfp11_veneer  0x02005838        0x0 c:/dev/devkitpro/devkitarm/bin/../lib/gcc/arm-eabi/4.4.0/../../../../arm-eabi/lib/thumb\libsysbase.a(handle_manager.o)
 .vfp11_veneer  0x02005838        0x0 c:/dev/devkitpro/devkitarm/bin/../lib/gcc/arm-eabi/4.4.0/thumb\libgcc.a(_udivsi3.o)
 .vfp11_veneer  0x02005838        0x0 c:/dev/devkitpro/devkitarm/bin/../lib/gcc/arm-eabi/4.4.0/thumb\libgcc.a(_dvmd_tls.o)
 .vfp11_veneer  0x02005838        0x0 c:/dev/devkitpro/devkitarm/bin/../lib/gcc/arm-eabi/4.4.0/../../../../arm-eabi/lib/thumb\libg.a(lib_a-strncmp.o)
 .vfp11_veneer  0x02005838        0x0 c:/dev/devkitpro/devkitarm/bin/../lib/gcc/arm-eabi/4.4.0/thumb/crtend.o
 .vfp11_veneer  0x02005838        0x0 c:/dev/devkitpro/devkitarm/bin/../lib/gcc/arm-eabi/4.4.0/thumb/crtn.o
                0x02005838                . = ALIGN (0x4)
                0x02005838                __text_end = .

.v4_bx          0x02005838        0x0
 .v4_bx         0x02005838        0x0 c:/dev/devkitpro/devkitarm/bin/../lib/gcc/arm-eabi/4.4.0/../../../../arm-eabi/lib/thumb/gba_crt0.o
 .v4_bx         0x02005838        0x0 c:/dev/devkitpro/devkitarm/bin/../lib/gcc/arm-eabi/4.4.0/thumb/crti.o
 .v4_bx         0x02005838        0x0 c:/dev/devkitpro/devkitarm/bin/../lib/gcc/arm-eabi/4.4.0/thumb/crtbegin.o
 .v4_bx         0x02005838        0x0 main.o
 .v4_bx         0x02005838        0x0 c:/dev/devkitPro/libgba/lib\libgba.a(console.o)
 .v4_bx         0x02005838        0x0 c:/dev/devkitPro/libgba/lib\libgba.a(interrupt.o)
 .v4_bx         0x02005838        0x0 c:/dev/devkitPro/libgba/lib\libgba.a(InterruptDispatcher.o)
 .v4_bx         0x02005838        0x0 c:/dev/devkitPro/libgba/lib\libgba.a(amiga.fnt.o)
 .v4_bx         0x02005838        0x0 c:/dev/devkitPro/libgba/lib\libgba.a(CpuSet.o)
 .v4_bx         0x02005838        0x0 c:/dev/devkitpro/devkitarm/bin/../lib/gcc/arm-eabi/4.4.0/../../../../arm-eabi/lib/thumb\libg.a(lib_a-impure.o)
 .v4_bx         0x02005838        0x0 c:/dev/devkitpro/devkitarm/bin/../lib/gcc/arm-eabi/4.4.0/../../../../arm-eabi/lib/thumb\libg.a(lib_a-init.o)
 .v4_bx         0x02005838        0x0 c:/dev/devkitpro/devkitarm/bin/../lib/gcc/arm-eabi/4.4.0/../../../../arm-eabi/lib/thumb\libg.a(lib_a-iprintf.o)
 .v4_bx         0x02005838        0x0 c:/dev/devkitpro/devkitarm/bin/../lib/gcc/arm-eabi/4.4.0/../../../../arm-eabi/lib/thumb\libg.a(lib_a-setvbuf.o)
 .v4_bx         0x02005838        0x0 c:/dev/devkitpro/devkitarm/bin/../lib/gcc/arm-eabi/4.4.0/../../../../arm-eabi/lib/thumb\libg.a(lib_a-siscanf.o)
 .v4_bx         0x02005838        0x0 c:/dev/devkitpro/devkitarm/bin/../lib/gcc/arm-eabi/4.4.0/../../../../arm-eabi/lib/thumb\libg.a(lib_a-strlen.o)
 .v4_bx         0x02005838        0x0 c:/dev/devkitpro/devkitarm/bin/../lib/gcc/arm-eabi/4.4.0/../../../../arm-eabi/lib/thumb\libg.a(lib_a-svfiscanf.o)
 .v4_bx         0x02005838        0x0 c:/dev/devkitpro/devkitarm/bin/../lib/gcc/arm-eabi/4.4.0/../../../../arm-eabi/lib/thumb\libg.a(lib_a-ungetc.o)
 .v4_bx         0x02005838        0x0 c:/dev/devkitpro/devkitarm/bin/../lib/gcc/arm-eabi/4.4.0/../../../../arm-eabi/lib/thumb\libg.a(lib_a-vfiprintf.o)
 .v4_bx         0x02005838        0x0 c:/dev/devkitpro/devkitarm/bin/../lib/gcc/arm-eabi/4.4.0/../../../../arm-eabi/lib/thumb\libg.a(lib_a-wcrtomb.o)
 .v4_bx         0x02005838        0x0 c:/dev/devkitpro/devkitarm/bin/../lib/gcc/arm-eabi/4.4.0/../../../../arm-eabi/lib/thumb\libg.a(lib_a-wcsrtombs.o)
 .v4_bx         0x02005838        0x0 c:/dev/devkitpro/devkitarm/bin/../lib/gcc/arm-eabi/4.4.0/../../../../arm-eabi/lib/thumb\libg.a(lib_a-wctomb_r.o)
 .v4_bx         0x02005838        0x0 c:/dev/devkitpro/devkitarm/bin/../lib/gcc/arm-eabi/4.4.0/../../../../arm-eabi/lib/thumb\libg.a(lib_a-wsetup.o)
 .v4_bx         0x02005838        0x0 c:/dev/devkitpro/devkitarm/bin/../lib/gcc/arm-eabi/4.4.0/../../../../arm-eabi/lib/thumb\libg.a(lib_a-ctype_.o)
 .v4_bx         0x02005838        0x0 c:/dev/devkitpro/devkitarm/bin/../lib/gcc/arm-eabi/4.4.0/../../../../arm-eabi/lib/thumb\libg.a(lib_a-fflush.o)
 .v4_bx         0x02005838        0x0 c:/dev/devkitpro/devkitarm/bin/../lib/gcc/arm-eabi/4.4.0/../../../../arm-eabi/lib/thumb\libg.a(lib_a-findfp.o)
 .v4_bx         0x02005838        0x0 c:/dev/devkitpro/devkitarm/bin/../lib/gcc/arm-eabi/4.4.0/../../../../arm-eabi/lib/thumb\libg.a(lib_a-freer.o)
 .v4_bx         0x02005838        0x0 c:/dev/devkitpro/devkitarm/bin/../lib/gcc/arm-eabi/4.4.0/../../../../arm-eabi/lib/thumb\libg.a(lib_a-fvwrite.o)
 .v4_bx         0x02005838        0x0 c:/dev/devkitpro/devkitarm/bin/../lib/gcc/arm-eabi/4.4.0/../../../../arm-eabi/lib/thumb\libg.a(lib_a-fwalk.o)
 .v4_bx         0x02005838        0x0 c:/dev/devkitpro/devkitarm/bin/../lib/gcc/arm-eabi/4.4.0/../../../../arm-eabi/lib/thumb\libg.a(lib_a-iswspace.o)
 .v4_bx         0x02005838        0x0 c:/dev/devkitpro/devkitarm/bin/../lib/gcc/arm-eabi/4.4.0/../../../../arm-eabi/lib/thumb\libg.a(lib_a-jp2uc.o)
 .v4_bx         0x02005838        0x0 c:/dev/devkitpro/devkitarm/bin/../lib/gcc/arm-eabi/4.4.0/../../../../arm-eabi/lib/thumb\libg.a(lib_a-locale.o)
 .v4_bx         0x02005838        0x0 c:/dev/devkitpro/devkitarm/bin/../lib/gcc/arm-eabi/4.4.0/../../../../arm-eabi/lib/thumb\libg.a(lib_a-makebuf.o)
 .v4_bx         0x02005838        0x0 c:/dev/devkitpro/devkitarm/bin/../lib/gcc/arm-eabi/4.4.0/../../../../arm-eabi/lib/thumb\libg.a(lib_a-malloc.o)
 .v4_bx         0x02005838        0x0 c:/dev/devkitpro/devkitarm/bin/../lib/gcc/arm-eabi/4.4.0/../../../../arm-eabi/lib/thumb\libg.a(lib_a-mallocr.o)
 .v4_bx         0x02005838        0x0 c:/dev/devkitpro/devkitarm/bin/../lib/gcc/arm-eabi/4.4.0/../../../../arm-eabi/lib/thumb\libg.a(lib_a-mbrtowc.o)
 .v4_bx         0x02005838        0x0 c:/dev/devkitpro/devkitarm/bin/../lib/gcc/arm-eabi/4.4.0/../../../../arm-eabi/lib/thumb\libg.a(lib_a-mbtowc_r.o)
 .v4_bx         0x02005838        0x0 c:/dev/devkitpro/devkitarm/bin/../lib/gcc/arm-eabi/4.4.0/../../../../arm-eabi/lib/thumb\libg.a(lib_a-memchr.o)
 .v4_bx         0x02005838        0x0 c:/dev/devkitpro/devkitarm/bin/../lib/gcc/arm-eabi/4.4.0/../../../../arm-eabi/lib/thumb\libg.a(lib_a-memcpy.o)
 .v4_bx         0x02005838        0x0 c:/dev/devkitpro/devkitarm/bin/../lib/gcc/arm-eabi/4.4.0/../../../../arm-eabi/lib/thumb\libg.a(lib_a-memmove.o)
 .v4_bx         0x02005838        0x0 c:/dev/devkitpro/devkitarm/bin/../lib/gcc/arm-eabi/4.4.0/../../../../arm-eabi/lib/thumb\libg.a(lib_a-memset.o)
 .v4_bx         0x02005838        0x0 c:/dev/devkitpro/devkitarm/bin/../lib/gcc/arm-eabi/4.4.0/../../../../arm-eabi/lib/thumb\libg.a(lib_a-mlock.o)
 .v4_bx         0x02005838        0x0 c:/dev/devkitpro/devkitarm/bin/../lib/gcc/arm-eabi/4.4.0/../../../../arm-eabi/lib/thumb\libg.a(lib_a-reallocr.o)
 .v4_bx         0x02005838        0x0 c:/dev/devkitpro/devkitarm/bin/../lib/gcc/arm-eabi/4.4.0/../../../../arm-eabi/lib/thumb\libg.a(lib_a-sccl.o)
 .v4_bx         0x02005838        0x0 c:/dev/devkitpro/devkitarm/bin/../lib/gcc/arm-eabi/4.4.0/../../../../arm-eabi/lib/thumb\libg.a(lib_a-stdio.o)
 .v4_bx         0x02005838        0x0 c:/dev/devkitpro/devkitarm/bin/../lib/gcc/arm-eabi/4.4.0/../../../../arm-eabi/lib/thumb\libg.a(lib_a-strcmp.o)
 .v4_bx         0x02005838        0x0 c:/dev/devkitpro/devkitarm/bin/../lib/gcc/arm-eabi/4.4.0/../../../../arm-eabi/lib/thumb\libg.a(lib_a-strcpy.o)
 .v4_bx         0x02005838        0x0 c:/dev/devkitpro/devkitarm/bin/../lib/gcc/arm-eabi/4.4.0/../../../../arm-eabi/lib/thumb\libg.a(lib_a-strtol.o)
 .v4_bx         0x02005838        0x0 c:/dev/devkitpro/devkitarm/bin/../lib/gcc/arm-eabi/4.4.0/../../../../arm-eabi/lib/thumb\libg.a(lib_a-strtoul.o)
 .v4_bx         0x02005838        0x0 c:/dev/devkitpro/devkitarm/bin/../lib/gcc/arm-eabi/4.4.0/../../../../arm-eabi/lib/thumb\libg.a(lib_a-fclose.o)
 .v4_bx         0x02005838        0x0 c:/dev/devkitpro/devkitarm/bin/../lib/gcc/arm-eabi/4.4.0/../../../../arm-eabi/lib/thumb\libsysbase.a(iosupport.o)
 .v4_bx         0x02005838        0x0 c:/dev/devkitpro/devkitarm/bin/../lib/gcc/arm-eabi/4.4.0/../../../../arm-eabi/lib/thumb\libsysbase.a(close.o)
 .v4_bx         0x02005838        0x0 c:/dev/devkitpro/devkitarm/bin/../lib/gcc/arm-eabi/4.4.0/../../../../arm-eabi/lib/thumb\libsysbase.a(fstat.o)
 .v4_bx         0x02005838        0x0 c:/dev/devkitpro/devkitarm/bin/../lib/gcc/arm-eabi/4.4.0/../../../../arm-eabi/lib/thumb\libsysbase.a(isatty.o)
 .v4_bx         0x02005838        0x0 c:/dev/devkitpro/devkitarm/bin/../lib/gcc/arm-eabi/4.4.0/../../../../arm-eabi/lib/thumb\libsysbase.a(lseek.o)
 .v4_bx         0x02005838        0x0 c:/dev/devkitpro/devkitarm/bin/../lib/gcc/arm-eabi/4.4.0/../../../../arm-eabi/lib/thumb\libsysbase.a(read.o)
 .v4_bx         0x02005838        0x0 c:/dev/devkitpro/devkitarm/bin/../lib/gcc/arm-eabi/4.4.0/../../../../arm-eabi/lib/thumb\libsysbase.a(sbrk.o)
 .v4_bx         0x02005838        0x0 c:/dev/devkitpro/devkitarm/bin/../lib/gcc/arm-eabi/4.4.0/../../../../arm-eabi/lib/thumb\libsysbase.a(write.o)
 .v4_bx         0x02005838        0x0 c:/dev/devkitpro/devkitarm/bin/../lib/gcc/arm-eabi/4.4.0/../../../../arm-eabi/lib/thumb\libsysbase.a(malloc_vars.o)
 .v4_bx         0x02005838        0x0 c:/dev/devkitpro/devkitarm/bin/../lib/gcc/arm-eabi/4.4.0/../../../../arm-eabi/lib/thumb\libsysbase.a(handle_manager.o)
 .v4_bx         0x02005838        0x0 c:/dev/devkitpro/devkitarm/bin/../lib/gcc/arm-eabi/4.4.0/thumb\libgcc.a(_udivsi3.o)
 .v4_bx         0x02005838        0x0 c:/dev/devkitpro/devkitarm/bin/../lib/gcc/arm-eabi/4.4.0/thumb\libgcc.a(_dvmd_tls.o)
 .v4_bx         0x02005838        0x0 c:/dev/devkitpro/devkitarm/bin/../lib/gcc/arm-eabi/4.4.0/../../../../arm-eabi/lib/thumb\libg.a(lib_a-strncmp.o)
 .v4_bx         0x02005838        0x0 c:/dev/devkitpro/devkitarm/bin/../lib/gcc/arm-eabi/4.4.0/thumb/crtend.o
 .v4_bx         0x02005838        0x0 c:/dev/devkitpro/devkitarm/bin/../lib/gcc/arm-eabi/4.4.0/thumb/crtn.o

.fini           0x02005838        0xc
 *(.fini)
 .fini          0x02005838        0x4 c:/dev/devkitpro/devkitarm/bin/../lib/gcc/arm-eabi/4.4.0/thumb/crti.o
                0x02005838                _fini
 .fini          0x0200583c        0x8 c:/dev/devkitpro/devkitarm/bin/../lib/gcc/arm-eabi/4.4.0/thumb/crtn.o
                0x02005844                . = ALIGN (0x4)

.rodata         0x02005844     0x46e4
 *(.rodata)
 .rodata        0x02005844      0x18c c:/dev/devkitPro/libgba/lib\libgba.a(console.o)
                0x02005918                dotab_stdout
                0x02005974                dotab_stderr
 .rodata        0x020059d0      0x804 c:/dev/devkitPro/libgba/lib\libgba.a(amiga.fnt.o)
                0x020061d0                amiga_fnt_end
                0x020059d0                amiga_fnt
                0x020061d0                amiga_fnt_size
 .rodata        0x020061d4        0x4 c:/dev/devkitpro/devkitarm/bin/../lib/gcc/arm-eabi/4.4.0/../../../../arm-eabi/lib/thumb\libg.a(lib_a-impure.o)
                0x020061d4                _global_impure_ptr
 .rodata        0x020061d8      0x340 c:/dev/devkitpro/devkitarm/bin/../lib/gcc/arm-eabi/4.4.0/../../../../arm-eabi/lib/thumb\libg.a(lib_a-svfiscanf.o)
 .rodata        0x02006518      0x184 c:/dev/devkitpro/devkitarm/bin/../lib/gcc/arm-eabi/4.4.0/../../../../arm-eabi/lib/thumb\libg.a(lib_a-vfiprintf.o)
 .rodata        0x0200669c      0x104 c:/dev/devkitpro/devkitarm/bin/../lib/gcc/arm-eabi/4.4.0/../../../../arm-eabi/lib/thumb\libg.a(lib_a-ctype_.o)
                0x0200669c                _ctype_
 .rodata        0x020067a0     0x34f0 c:/dev/devkitpro/devkitarm/bin/../lib/gcc/arm-eabi/4.4.0/../../../../arm-eabi/lib/thumb\libg.a(lib_a-jp2uc.o)
 .rodata        0x02009c90       0xb8 c:/dev/devkitpro/devkitarm/bin/../lib/gcc/arm-eabi/4.4.0/../../../../arm-eabi/lib/thumb\libg.a(lib_a-locale.o)
 .rodata        0x02009d48       0xa8 c:/dev/devkitpro/devkitarm/bin/../lib/gcc/arm-eabi/4.4.0/../../../../arm-eabi/lib/thumb\libg.a(lib_a-mbtowc_r.o)
 .rodata        0x02009df0       0x5c c:/dev/devkitpro/devkitarm/bin/../lib/gcc/arm-eabi/4.4.0/../../../../arm-eabi/lib/thumb\libsysbase.a(iosupport.o)
                0x02009df0                dotab_stdnull
 *all.rodata*(*)
 *(.roda)
 *(.rodata.*)
 .rodata.str1.4
                0x02009e4c       0x16 main.o
                                 0x18 (size before relaxing)
 *fill*         0x02009e62        0x2 ff
 .rodata.str1.4
                0x02009e64       0x2c c:/dev/devkitPro/libgba/lib\libgba.a(console.o)
 .rodata.str1.4
                0x02009e90        0x2 c:/dev/devkitpro/devkitarm/bin/../lib/gcc/arm-eabi/4.4.0/../../../../arm-eabi/lib/thumb\libg.a(lib_a-impure.o)
                                  0x4 (size before relaxing)
 *fill*         0x02009e92        0x2 ff
 .rodata.str1.4
                0x02009e94       0x2f c:/dev/devkitpro/devkitarm/bin/../lib/gcc/arm-eabi/4.4.0/../../../../arm-eabi/lib/thumb\libg.a(lib_a-vfiprintf.o)
                                 0x30 (size before relaxing)
 *fill*         0x02009ec3        0x1 ff
 .rodata.str1.4
                0x02009ec4       0x1e c:/dev/devkitpro/devkitarm/bin/../lib/gcc/arm-eabi/4.4.0/../../../../arm-eabi/lib/thumb\libg.a(lib_a-wctomb_r.o)
                                 0x20 (size before relaxing)
 .rodata.str1.4
                0x00000000       0x20 c:/dev/devkitpro/devkitarm/bin/../lib/gcc/arm-eabi/4.4.0/../../../../arm-eabi/lib/thumb\libg.a(lib_a-iswspace.o)
 *fill*         0x02009ee2        0x2 ff
 .rodata.str1.4
                0x02009ee4       0x3a c:/dev/devkitpro/devkitarm/bin/../lib/gcc/arm-eabi/4.4.0/../../../../arm-eabi/lib/thumb\libg.a(lib_a-locale.o)
                                 0x64 (size before relaxing)
 .rodata.str1.4
                0x00000000        0x4 c:/dev/devkitpro/devkitarm/bin/../lib/gcc/arm-eabi/4.4.0/../../../../arm-eabi/lib/thumb\libg.a(lib_a-mbrtowc.o)
 .rodata.str1.4
                0x00000000       0x20 c:/dev/devkitpro/devkitarm/bin/../lib/gcc/arm-eabi/4.4.0/../../../../arm-eabi/lib/thumb\libg.a(lib_a-mbtowc_r.o)
 *fill*         0x02009f1e        0x2 ff
 .rodata.str1.4
                0x02009f20        0x8 c:/dev/devkitpro/devkitarm/bin/../lib/gcc/arm-eabi/4.4.0/../../../../arm-eabi/lib/thumb\libsysbase.a(iosupport.o)
 *(.gnu.linkonce.r*)
                0x02009f28                . = ALIGN (0x4)

.ARM.extab
 *(.ARM.extab* .gnu.linkonce.armextab.*)
                0x02009f28                __exidx_start = .

.ARM.exidx
 *(.ARM.exidx* .gnu.linkonce.armexidx.*)
                0x02009f28                __exidx_end = .
                0x02009f28                . = ALIGN (0x4)
                0x02009f28                PROVIDE (__preinit_array_start, .)

.preinit_array
 *(.preinit_array)
                0x02009f28                PROVIDE (__preinit_array_end, .)
                0x02009f28                PROVIDE (__init_array_start, .)

.init_array     0x02009f28        0x4
 *(.init_array)
 .init_array    0x02009f28        0x4 c:/dev/devkitpro/devkitarm/bin/../lib/gcc/arm-eabi/4.4.0/thumb/crtbegin.o
                0x02009f2c                PROVIDE (__init_array_end, .)
                0x02009f2c                PROVIDE (__fini_array_start, .)

.fini_array     0x02009f2c        0x4
 *(.fini_array)
 .fini_array    0x02009f2c        0x4 c:/dev/devkitpro/devkitarm/bin/../lib/gcc/arm-eabi/4.4.0/thumb/crtbegin.o
                0x02009f30                PROVIDE (__fini_array_end, .)

.ctors          0x02009f30        0x0
 *crtbegin.o(.ctors)
 *(EXCLUDE_FILE(*crtend.o) .ctors)
 *(SORT(.ctors.*))
 *(.ctors)
                0x02009f30                . = ALIGN (0x4)

.dtors          0x02009f30        0x0
 *crtbegin.o(.dtors)
 *(EXCLUDE_FILE(*crtend.o) .dtors)
 *(SORT(.dtors.*))
 *(.dtors)
                0x02009f30                . = ALIGN (0x4)

.jcr            0x02009f30        0x4
 *(.jcr)
 .jcr           0x02009f30        0x0 c:/dev/devkitpro/devkitarm/bin/../lib/gcc/arm-eabi/4.4.0/thumb/crtbegin.o
 .jcr           0x02009f30        0x4 c:/dev/devkitpro/devkitarm/bin/../lib/gcc/arm-eabi/4.4.0/thumb/crtend.o

.eh_frame       0x02009f34       0x30
 *(.eh_frame)
 .eh_frame      0x02009f34        0x0 c:/dev/devkitpro/devkitarm/bin/../lib/gcc/arm-eabi/4.4.0/thumb/crtbegin.o
 .eh_frame      0x02009f34       0x2c main.o
 .eh_frame      0x02009f60        0x4 c:/dev/devkitpro/devkitarm/bin/../lib/gcc/arm-eabi/4.4.0/thumb/crtend.o
                0x02009f64                . = ALIGN (0x4)

.gcc_except_table
                0x02009f64        0x0
 *(.gcc_except_table)
                0x02009f64                . = ALIGN (0x4)
                0x02009f64                __iwram_lma = .

.iwram          0x03000000       0xb8 load address 0x02009f64
                0x03000000                __iwram_start = ABSOLUTE (.)
 *(.iwram)
 .iwram         0x03000000       0xb8 c:/dev/devkitPro/libgba/lib\libgba.a(InterruptDispatcher.o)
                0x03000000                IntrMain
 *iwram.*(.text)
                0x030000b8                . = ALIGN (0x4)
                0x030000b8                __iwram_end = ABSOLUTE (.)
                0x0200a01c                __data_lma = (__iwram_lma + SIZEOF (.iwram))

.bss            0x030000b8     0x10fc
                0x030000b8                __bss_start = ABSOLUTE (.)
                0x030000b8                __bss_start__ = ABSOLUTE (.)
 *(.dynbss)
 *(.gnu.linkonce.b*)
 *(.bss*)
 .bss           0x030000b8        0x0 c:/dev/devkitpro/devkitarm/bin/../lib/gcc/arm-eabi/4.4.0/../../../../arm-eabi/lib/thumb/gba_crt0.o
 .bss           0x030000b8        0x0 c:/dev/devkitpro/devkitarm/bin/../lib/gcc/arm-eabi/4.4.0/thumb/crti.o
 .bss           0x030000b8       0x1c c:/dev/devkitpro/devkitarm/bin/../lib/gcc/arm-eabi/4.4.0/thumb/crtbegin.o
 .bss           0x030000d4        0x0 main.o
 .bss           0x030000d4       0x1c c:/dev/devkitPro/libgba/lib\libgba.a(console.o)
 .bss           0x030000f0        0x0 c:/dev/devkitPro/libgba/lib\libgba.a(interrupt.o)
 .bss           0x030000f0        0x0 c:/dev/devkitPro/libgba/lib\libgba.a(InterruptDispatcher.o)
 .bss           0x030000f0        0x0 c:/dev/devkitPro/libgba/lib\libgba.a(amiga.fnt.o)
 .bss           0x030000f0        0x0 c:/dev/devkitPro/libgba/lib\libgba.a(CpuSet.o)
 .bss           0x030000f0        0x0 c:/dev/devkitpro/devkitarm/bin/../lib/gcc/arm-eabi/4.4.0/../../../../arm-eabi/lib/thumb\libg.a(lib_a-impure.o)
 .bss           0x030000f0        0x0 c:/dev/devkitpro/devkitarm/bin/../lib/gcc/arm-eabi/4.4.0/../../../../arm-eabi/lib/thumb\libg.a(lib_a-init.o)
 .bss           0x030000f0        0x0 c:/dev/devkitpro/devkitarm/bin/../lib/gcc/arm-eabi/4.4.0/../../../../arm-eabi/lib/thumb\libg.a(lib_a-iprintf.o)
 .bss           0x030000f0        0x0 c:/dev/devkitpro/devkitarm/bin/../lib/gcc/arm-eabi/4.4.0/../../../../arm-eabi/lib/thumb\libg.a(lib_a-setvbuf.o)
 .bss           0x030000f0        0x0 c:/dev/devkitpro/devkitarm/bin/../lib/gcc/arm-eabi/4.4.0/../../../../arm-eabi/lib/thumb\libg.a(lib_a-siscanf.o)
 .bss           0x030000f0        0x0 c:/dev/devkitpro/devkitarm/bin/../lib/gcc/arm-eabi/4.4.0/../../../../arm-eabi/lib/thumb\libg.a(lib_a-strlen.o)
 .bss           0x030000f0        0x0 c:/dev/devkitpro/devkitarm/bin/../lib/gcc/arm-eabi/4.4.0/../../../../arm-eabi/lib/thumb\libg.a(lib_a-svfiscanf.o)
 .bss           0x030000f0        0x0 c:/dev/devkitpro/devkitarm/bin/../lib/gcc/arm-eabi/4.4.0/../../../../arm-eabi/lib/thumb\libg.a(lib_a-ungetc.o)
 .bss           0x030000f0        0x0 c:/dev/devkitpro/devkitarm/bin/../lib/gcc/arm-eabi/4.4.0/../../../../arm-eabi/lib/thumb\libg.a(lib_a-vfiprintf.o)
 .bss           0x030000f0        0x0 c:/dev/devkitpro/devkitarm/bin/../lib/gcc/arm-eabi/4.4.0/../../../../arm-eabi/lib/thumb\libg.a(lib_a-wcrtomb.o)
 .bss           0x030000f0        0x0 c:/dev/devkitpro/devkitarm/bin/../lib/gcc/arm-eabi/4.4.0/../../../../arm-eabi/lib/thumb\libg.a(lib_a-wcsrtombs.o)
 .bss           0x030000f0        0x0 c:/dev/devkitpro/devkitarm/bin/../lib/gcc/arm-eabi/4.4.0/../../../../arm-eabi/lib/thumb\libg.a(lib_a-wctomb_r.o)
 .bss           0x030000f0        0x0 c:/dev/devkitpro/devkitarm/bin/../lib/gcc/arm-eabi/4.4.0/../../../../arm-eabi/lib/thumb\libg.a(lib_a-wsetup.o)
 .bss           0x030000f0        0x0 c:/dev/devkitpro/devkitarm/bin/../lib/gcc/arm-eabi/4.4.0/../../../../arm-eabi/lib/thumb\libg.a(lib_a-ctype_.o)
 .bss           0x030000f0        0x0 c:/dev/devkitpro/devkitarm/bin/../lib/gcc/arm-eabi/4.4.0/../../../../arm-eabi/lib/thumb\libg.a(lib_a-fflush.o)
 .bss           0x030000f0        0x0 c:/dev/devkitpro/devkitarm/bin/../lib/gcc/arm-eabi/4.4.0/../../../../arm-eabi/lib/thumb\libg.a(lib_a-findfp.o)
 .bss           0x030000f0        0x0 c:/dev/devkitpro/devkitarm/bin/../lib/gcc/arm-eabi/4.4.0/../../../../arm-eabi/lib/thumb\libg.a(lib_a-freer.o)
 .bss           0x030000f0        0x0 c:/dev/devkitpro/devkitarm/bin/../lib/gcc/arm-eabi/4.4.0/../../../../arm-eabi/lib/thumb\libg.a(lib_a-fvwrite.o)
 .bss           0x030000f0        0x0 c:/dev/devkitpro/devkitarm/bin/../lib/gcc/arm-eabi/4.4.0/../../../../arm-eabi/lib/thumb\libg.a(lib_a-fwalk.o)
 .bss           0x030000f0        0x0 c:/dev/devkitpro/devkitarm/bin/../lib/gcc/arm-eabi/4.4.0/../../../../arm-eabi/lib/thumb\libg.a(lib_a-iswspace.o)
 .bss           0x030000f0        0x0 c:/dev/devkitpro/devkitarm/bin/../lib/gcc/arm-eabi/4.4.0/../../../../arm-eabi/lib/thumb\libg.a(lib_a-jp2uc.o)
 .bss           0x030000f0        0xc c:/dev/devkitpro/devkitarm/bin/../lib/gcc/arm-eabi/4.4.0/../../../../arm-eabi/lib/thumb\libg.a(lib_a-locale.o)
                0x030000f0                __nlocale_changed
                0x030000f4                __mlocale_changed
                0x030000f8                _PathLocale
 .bss           0x030000fc        0x0 c:/dev/devkitpro/devkitarm/bin/../lib/gcc/arm-eabi/4.4.0/../../../../arm-eabi/lib/thumb\libg.a(lib_a-makebuf.o)
 .bss           0x030000fc        0x0 c:/dev/devkitpro/devkitarm/bin/../lib/gcc/arm-eabi/4.4.0/../../../../arm-eabi/lib/thumb\libg.a(lib_a-malloc.o)
 .bss           0x030000fc       0x34 c:/dev/devkitpro/devkitarm/bin/../lib/gcc/arm-eabi/4.4.0/../../../../arm-eabi/lib/thumb\libg.a(lib_a-mallocr.o)
                0x030000fc                __malloc_top_pad
                0x03000128                __malloc_max_sbrked_mem
                0x03000100                __malloc_current_mallinfo
                0x0300012c                __malloc_max_total_mem
 .bss           0x03000130        0x0 c:/dev/devkitpro/devkitarm/bin/../lib/gcc/arm-eabi/4.4.0/../../../../arm-eabi/lib/thumb\libg.a(lib_a-mbrtowc.o)
 .bss           0x03000130        0x0 c:/dev/devkitpro/devkitarm/bin/../lib/gcc/arm-eabi/4.4.0/../../../../arm-eabi/lib/thumb\libg.a(lib_a-mbtowc_r.o)
 .bss           0x03000130        0x0 c:/dev/devkitpro/devkitarm/bin/../lib/gcc/arm-eabi/4.4.0/../../../../arm-eabi/lib/thumb\libg.a(lib_a-memchr.o)
 .bss           0x03000130        0x0 c:/dev/devkitpro/devkitarm/bin/../lib/gcc/arm-eabi/4.4.0/../../../../arm-eabi/lib/thumb\libg.a(lib_a-memcpy.o)
 .bss           0x03000130        0x0 c:/dev/devkitpro/devkitarm/bin/../lib/gcc/arm-eabi/4.4.0/../../../../arm-eabi/lib/thumb\libg.a(lib_a-memmove.o)
 .bss           0x03000130        0x0 c:/dev/devkitpro/devkitarm/bin/../lib/gcc/arm-eabi/4.4.0/../../../../arm-eabi/lib/thumb\libg.a(lib_a-memset.o)
 .bss           0x03000130        0x0 c:/dev/devkitpro/devkitarm/bin/../lib/gcc/arm-eabi/4.4.0/../../../../arm-eabi/lib/thumb\libg.a(lib_a-mlock.o)
 .bss           0x03000130        0x0 c:/dev/devkitpro/devkitarm/bin/../lib/gcc/arm-eabi/4.4.0/../../../../arm-eabi/lib/thumb\libg.a(lib_a-reallocr.o)
 .bss           0x03000130        0x0 c:/dev/devkitpro/devkitarm/bin/../lib/gcc/arm-eabi/4.4.0/../../../../arm-eabi/lib/thumb\libg.a(lib_a-sccl.o)
 .bss           0x03000130        0x0 c:/dev/devkitpro/devkitarm/bin/../lib/gcc/arm-eabi/4.4.0/../../../../arm-eabi/lib/thumb\libg.a(lib_a-stdio.o)
 .bss           0x03000130        0x0 c:/dev/devkitpro/devkitarm/bin/../lib/gcc/arm-eabi/4.4.0/../../../../arm-eabi/lib/thumb\libg.a(lib_a-strcmp.o)
 .bss           0x03000130        0x0 c:/dev/devkitpro/devkitarm/bin/../lib/gcc/arm-eabi/4.4.0/../../../../arm-eabi/lib/thumb\libg.a(lib_a-strcpy.o)
 .bss           0x03000130        0x0 c:/dev/devkitpro/devkitarm/bin/../lib/gcc/arm-eabi/4.4.0/../../../../arm-eabi/lib/thumb\libg.a(lib_a-strtol.o)
 .bss           0x03000130        0x0 c:/dev/devkitpro/devkitarm/bin/../lib/gcc/arm-eabi/4.4.0/../../../../arm-eabi/lib/thumb\libg.a(lib_a-strtoul.o)
 .bss           0x03000130        0x0 c:/dev/devkitpro/devkitarm/bin/../lib/gcc/arm-eabi/4.4.0/../../../../arm-eabi/lib/thumb\libg.a(lib_a-fclose.o)
 .bss           0x03000130        0x0 c:/dev/devkitpro/devkitarm/bin/../lib/gcc/arm-eabi/4.4.0/../../../../arm-eabi/lib/thumb\libsysbase.a(iosupport.o)
 .bss           0x03000130        0x0 c:/dev/devkitpro/devkitarm/bin/../lib/gcc/arm-eabi/4.4.0/../../../../arm-eabi/lib/thumb\libsysbase.a(close.o)
 .bss           0x03000130        0x0 c:/dev/devkitpro/devkitarm/bin/../lib/gcc/arm-eabi/4.4.0/../../../../arm-eabi/lib/thumb\libsysbase.a(fstat.o)
 .bss           0x03000130        0x0 c:/dev/devkitpro/devkitarm/bin/../lib/gcc/arm-eabi/4.4.0/../../../../arm-eabi/lib/thumb\libsysbase.a(isatty.o)
 .bss           0x03000130        0x0 c:/dev/devkitpro/devkitarm/bin/../lib/gcc/arm-eabi/4.4.0/../../../../arm-eabi/lib/thumb\libsysbase.a(lseek.o)
 .bss           0x03000130        0x0 c:/dev/devkitpro/devkitarm/bin/../lib/gcc/arm-eabi/4.4.0/../../../../arm-eabi/lib/thumb\libsysbase.a(read.o)
 .bss           0x03000130        0x4 c:/dev/devkitpro/devkitarm/bin/../lib/gcc/arm-eabi/4.4.0/../../../../arm-eabi/lib/thumb\libsysbase.a(sbrk.o)
 .bss           0x03000134        0x0 c:/dev/devkitpro/devkitarm/bin/../lib/gcc/arm-eabi/4.4.0/../../../../arm-eabi/lib/thumb\libsysbase.a(write.o)
 .bss           0x03000134        0x8 c:/dev/devkitpro/devkitarm/bin/../lib/gcc/arm-eabi/4.4.0/../../../../arm-eabi/lib/thumb\libsysbase.a(malloc_vars.o)
                0x03000138                fake_heap_start
                0x03000134                fake_heap_end
 .bss           0x0300013c     0x1000 c:/dev/devkitpro/devkitarm/bin/../lib/gcc/arm-eabi/4.4.0/../../../../arm-eabi/lib/thumb\libsysbase.a(handle_manager.o)
 .bss           0x0300113c        0x0 c:/dev/devkitpro/devkitarm/bin/../lib/gcc/arm-eabi/4.4.0/thumb\libgcc.a(_udivsi3.o)
 .bss           0x0300113c        0x0 c:/dev/devkitpro/devkitarm/bin/../lib/gcc/arm-eabi/4.4.0/thumb\libgcc.a(_dvmd_tls.o)
 .bss           0x0300113c        0x0 c:/dev/devkitpro/devkitarm/bin/../lib/gcc/arm-eabi/4.4.0/../../../../arm-eabi/lib/thumb\libg.a(lib_a-strncmp.o)
 .bss           0x0300113c        0x0 c:/dev/devkitpro/devkitarm/bin/../lib/gcc/arm-eabi/4.4.0/thumb/crtend.o
 .bss           0x0300113c        0x0 c:/dev/devkitpro/devkitarm/bin/../lib/gcc/arm-eabi/4.4.0/thumb/crtn.o
 *(COMMON)
 COMMON         0x0300113c       0x78 c:/dev/devkitPro/libgba/lib\libgba.a(interrupt.o)
                0x0300113c                IntrTable
                0x030011b4                . = ALIGN (0x4)
                0x030011b4                __bss_end = ABSOLUTE (.)
                0x030011b4                __bss_end__ = __bss_end

.data           0x030011b4      0x8c8 load address 0x0200a01c
                0x030011b4                __data_start = ABSOLUTE (.)
 *(.data)
 .data          0x030011b4        0x0 c:/dev/devkitpro/devkitarm/bin/../lib/gcc/arm-eabi/4.4.0/../../../../arm-eabi/lib/thumb/gba_crt0.o
 .data          0x030011b4        0x0 c:/dev/devkitpro/devkitarm/bin/../lib/gcc/arm-eabi/4.4.0/thumb/crti.o
 .data          0x030011b4        0x4 c:/dev/devkitpro/devkitarm/bin/../lib/gcc/arm-eabi/4.4.0/thumb/crtbegin.o
                0x030011b4                __dso_handle
 .data          0x030011b8        0x0 main.o
 .data          0x030011b8        0x0 c:/dev/devkitPro/libgba/lib\libgba.a(console.o)
 .data          0x030011b8        0x0 c:/dev/devkitPro/libgba/lib\libgba.a(interrupt.o)
 .data          0x030011b8        0x0 c:/dev/devkitPro/libgba/lib\libgba.a(InterruptDispatcher.o)
 .data          0x030011b8        0x0 c:/dev/devkitPro/libgba/lib\libgba.a(amiga.fnt.o)
 .data          0x030011b8        0x0 c:/dev/devkitPro/libgba/lib\libgba.a(CpuSet.o)
 .data          0x030011b8      0x430 c:/dev/devkitpro/devkitarm/bin/../lib/gcc/arm-eabi/4.4.0/../../../../arm-eabi/lib/thumb\libg.a(lib_a-impure.o)
                0x030011b8                _impure_ptr
 .data          0x030015e8        0x0 c:/dev/devkitpro/devkitarm/bin/../lib/gcc/arm-eabi/4.4.0/../../../../arm-eabi/lib/thumb\libg.a(lib_a-init.o)
 .data          0x030015e8        0x0 c:/dev/devkitpro/devkitarm/bin/../lib/gcc/arm-eabi/4.4.0/../../../../arm-eabi/lib/thumb\libg.a(lib_a-iprintf.o)
 .data          0x030015e8        0x0 c:/dev/devkitpro/devkitarm/bin/../lib/gcc/arm-eabi/4.4.0/../../../../arm-eabi/lib/thumb\libg.a(lib_a-setvbuf.o)
 .data          0x030015e8        0x0 c:/dev/devkitpro/devkitarm/bin/../lib/gcc/arm-eabi/4.4.0/../../../../arm-eabi/lib/thumb\libg.a(lib_a-siscanf.o)
 .data          0x030015e8        0x0 c:/dev/devkitpro/devkitarm/bin/../lib/gcc/arm-eabi/4.4.0/../../../../arm-eabi/lib/thumb\libg.a(lib_a-strlen.o)
 .data          0x030015e8        0x0 c:/dev/devkitpro/devkitarm/bin/../lib/gcc/arm-eabi/4.4.0/../../../../arm-eabi/lib/thumb\libg.a(lib_a-svfiscanf.o)
 .data          0x030015e8        0x0 c:/dev/devkitpro/devkitarm/bin/../lib/gcc/arm-eabi/4.4.0/../../../../arm-eabi/lib/thumb\libg.a(lib_a-ungetc.o)
 .data          0x030015e8        0x0 c:/dev/devkitpro/devkitarm/bin/../lib/gcc/arm-eabi/4.4.0/../../../../arm-eabi/lib/thumb\libg.a(lib_a-vfiprintf.o)
 .data          0x030015e8        0x0 c:/dev/devkitpro/devkitarm/bin/../lib/gcc/arm-eabi/4.4.0/../../../../arm-eabi/lib/thumb\libg.a(lib_a-wcrtomb.o)
 .data          0x030015e8        0x0 c:/dev/devkitpro/devkitarm/bin/../lib/gcc/arm-eabi/4.4.0/../../../../arm-eabi/lib/thumb\libg.a(lib_a-wcsrtombs.o)
 .data          0x030015e8        0x0 c:/dev/devkitpro/devkitarm/bin/../lib/gcc/arm-eabi/4.4.0/../../../../arm-eabi/lib/thumb\libg.a(lib_a-wctomb_r.o)
 .data          0x030015e8        0x0 c:/dev/devkitpro/devkitarm/bin/../lib/gcc/arm-eabi/4.4.0/../../../../arm-eabi/lib/thumb\libg.a(lib_a-wsetup.o)
 .data          0x030015e8        0x8 c:/dev/devkitpro/devkitarm/bin/../lib/gcc/arm-eabi/4.4.0/../../../../arm-eabi/lib/thumb\libg.a(lib_a-ctype_.o)
                0x030015e8                __ctype_ptr
                0x030015ec                __ctype_ptr__
 .data          0x030015f0        0x0 c:/dev/devkitpro/devkitarm/bin/../lib/gcc/arm-eabi/4.4.0/../../../../arm-eabi/lib/thumb\libg.a(lib_a-fflush.o)
 .data          0x030015f0        0x0 c:/dev/devkitpro/devkitarm/bin/../lib/gcc/arm-eabi/4.4.0/../../../../arm-eabi/lib/thumb\libg.a(lib_a-findfp.o)
 .data          0x030015f0        0x0 c:/dev/devkitpro/devkitarm/bin/../lib/gcc/arm-eabi/4.4.0/../../../../arm-eabi/lib/thumb\libg.a(lib_a-freer.o)
 .data          0x030015f0        0x0 c:/dev/devkitpro/devkitarm/bin/../lib/gcc/arm-eabi/4.4.0/../../../../arm-eabi/lib/thumb\libg.a(lib_a-fvwrite.o)
 .data          0x030015f0        0x0 c:/dev/devkitpro/devkitarm/bin/../lib/gcc/arm-eabi/4.4.0/../../../../arm-eabi/lib/thumb\libg.a(lib_a-fwalk.o)
 .data          0x030015f0        0x0 c:/dev/devkitpro/devkitarm/bin/../lib/gcc/arm-eabi/4.4.0/../../../../arm-eabi/lib/thumb\libg.a(lib_a-iswspace.o)
 .data          0x030015f0        0x0 c:/dev/devkitpro/devkitarm/bin/../lib/gcc/arm-eabi/4.4.0/../../../../arm-eabi/lib/thumb\libg.a(lib_a-jp2uc.o)
 .data          0x030015f0       0x38 c:/dev/devkitpro/devkitarm/bin/../lib/gcc/arm-eabi/4.4.0/../../../../arm-eabi/lib/thumb\libg.a(lib_a-locale.o)
                0x03001624                __mb_cur_max
                0x03001600                __lc_ctype
 .data          0x03001628        0x0 c:/dev/devkitpro/devkitarm/bin/../lib/gcc/arm-eabi/4.4.0/../../../../arm-eabi/lib/thumb\libg.a(lib_a-makebuf.o)
 .data          0x03001628        0x0 c:/dev/devkitpro/devkitarm/bin/../lib/gcc/arm-eabi/4.4.0/../../../../arm-eabi/lib/thumb\libg.a(lib_a-malloc.o)
 .data          0x03001628      0x410 c:/dev/devkitpro/devkitarm/bin/../lib/gcc/arm-eabi/4.4.0/../../../../arm-eabi/lib/thumb\libg.a(lib_a-mallocr.o)
                0x03001a30                __malloc_sbrk_base
                0x03001628                __malloc_av_
                0x03001a34                __malloc_trim_threshold
 .data          0x03001a38        0x0 c:/dev/devkitpro/devkitarm/bin/../lib/gcc/arm-eabi/4.4.0/../../../../arm-eabi/lib/thumb\libg.a(lib_a-mbrtowc.o)
 .data          0x03001a38        0x0 c:/dev/devkitpro/devkitarm/bin/../lib/gcc/arm-eabi/4.4.0/../../../../arm-eabi/lib/thumb\libg.a(lib_a-mbtowc_r.o)
 .data          0x03001a38        0x0 c:/dev/devkitpro/devkitarm/bin/../lib/gcc/arm-eabi/4.4.0/../../../../arm-eabi/lib/thumb\libg.a(lib_a-memchr.o)
 .data          0x03001a38        0x0 c:/dev/devkitpro/devkitarm/bin/../lib/gcc/arm-eabi/4.4.0/../../../../arm-eabi/lib/thumb\libg.a(lib_a-memcpy.o)
 .data          0x03001a38        0x0 c:/dev/devkitpro/devkitarm/bin/../lib/gcc/arm-eabi/4.4.0/../../../../arm-eabi/lib/thumb\libg.a(lib_a-memmove.o)
 .data          0x03001a38        0x0 c:/dev/devkitpro/devkitarm/bin/../lib/gcc/arm-eabi/4.4.0/../../../../arm-eabi/lib/thumb\libg.a(lib_a-memset.o)
 .data          0x03001a38        0x0 c:/dev/devkitpro/devkitarm/bin/../lib/gcc/arm-eabi/4.4.0/../../../../arm-eabi/lib/thumb\libg.a(lib_a-mlock.o)
 .data          0x03001a38        0x0 c:/dev/devkitpro/devkitarm/bin/../lib/gcc/arm-eabi/4.4.0/../../../../arm-eabi/lib/thumb\libg.a(lib_a-reallocr.o)
 .data          0x03001a38        0x0 c:/dev/devkitpro/devkitarm/bin/../lib/gcc/arm-eabi/4.4.0/../../../../arm-eabi/lib/thumb\libg.a(lib_a-sccl.o)
 .data          0x03001a38        0x0 c:/dev/devkitpro/devkitarm/bin/../lib/gcc/arm-eabi/4.4.0/../../../../arm-eabi/lib/thumb\libg.a(lib_a-stdio.o)
 .data          0x03001a38        0x0 c:/dev/devkitpro/devkitarm/bin/../lib/gcc/arm-eabi/4.4.0/../../../../arm-eabi/lib/thumb\libg.a(lib_a-strcmp.o)
 .data          0x03001a38        0x0 c:/dev/devkitpro/devkitarm/bin/../lib/gcc/arm-eabi/4.4.0/../../../../arm-eabi/lib/thumb\libg.a(lib_a-strcpy.o)
 .data          0x03001a38        0x0 c:/dev/devkitpro/devkitarm/bin/../lib/gcc/arm-eabi/4.4.0/../../../../arm-eabi/lib/thumb\libg.a(lib_a-strtol.o)
 .data          0x03001a38        0x0 c:/dev/devkitpro/devkitarm/bin/../lib/gcc/arm-eabi/4.4.0/../../../../arm-eabi/lib/thumb\libg.a(lib_a-strtoul.o)
 .data          0x03001a38        0x0 c:/dev/devkitpro/devkitarm/bin/../lib/gcc/arm-eabi/4.4.0/../../../../arm-eabi/lib/thumb\libg.a(lib_a-fclose.o)
 .data          0x03001a38       0x44 c:/dev/devkitpro/devkitarm/bin/../lib/gcc/arm-eabi/4.4.0/../../../../arm-eabi/lib/thumb\libsysbase.a(iosupport.o)
                0x03001a3c                devoptab_list
 .data          0x03001a7c        0x0 c:/dev/devkitpro/devkitarm/bin/../lib/gcc/arm-eabi/4.4.0/../../../../arm-eabi/lib/thumb\libsysbase.a(close.o)
 .data          0x03001a7c        0x0 c:/dev/devkitpro/devkitarm/bin/../lib/gcc/arm-eabi/4.4.0/../../../../arm-eabi/lib/thumb\libsysbase.a(fstat.o)
 .data          0x03001a7c        0x0 c:/dev/devkitpro/devkitarm/bin/../lib/gcc/arm-eabi/4.4.0/../../../../arm-eabi/lib/thumb\libsysbase.a(isatty.o)
 .data          0x03001a7c        0x0 c:/dev/devkitpro/devkitarm/bin/../lib/gcc/arm-eabi/4.4.0/../../../../arm-eabi/lib/thumb\libsysbase.a(lseek.o)
 .data          0x03001a7c        0x0 c:/dev/devkitpro/devkitarm/bin/../lib/gcc/arm-eabi/4.4.0/../../../../arm-eabi/lib/thumb\libsysbase.a(read.o)
 .data          0x03001a7c        0x0 c:/dev/devkitpro/devkitarm/bin/../lib/gcc/arm-eabi/4.4.0/../../../../arm-eabi/lib/thumb\libsysbase.a(sbrk.o)
 .data          0x03001a7c        0x0 c:/dev/devkitpro/devkitarm/bin/../lib/gcc/arm-eabi/4.4.0/../../../../arm-eabi/lib/thumb\libsysbase.a(write.o)
 .data          0x03001a7c        0x0 c:/dev/devkitpro/devkitarm/bin/../lib/gcc/arm-eabi/4.4.0/../../../../arm-eabi/lib/thumb\libsysbase.a(malloc_vars.o)
 .data          0x03001a7c        0x0 c:/dev/devkitpro/devkitarm/bin/../lib/gcc/arm-eabi/4.4.0/../../../../arm-eabi/lib/thumb\libsysbase.a(handle_manager.o)
 .data          0x03001a7c        0x0 c:/dev/devkitpro/devkitarm/bin/../lib/gcc/arm-eabi/4.4.0/thumb\libgcc.a(_udivsi3.o)
 .data          0x03001a7c        0x0 c:/dev/devkitpro/devkitarm/bin/../lib/gcc/arm-eabi/4.4.0/thumb\libgcc.a(_dvmd_tls.o)
 .data          0x03001a7c        0x0 c:/dev/devkitpro/devkitarm/bin/../lib/gcc/arm-eabi/4.4.0/../../../../arm-eabi/lib/thumb\libg.a(lib_a-strncmp.o)
 .data          0x03001a7c        0x0 c:/dev/devkitpro/devkitarm/bin/../lib/gcc/arm-eabi/4.4.0/thumb/crtend.o
 .data          0x03001a7c        0x0 c:/dev/devkitpro/devkitarm/bin/../lib/gcc/arm-eabi/4.4.0/thumb/crtn.o
 *(.data.*)
 *(.gnu.linkonce.d*)
                0x03001a7c                . = ALIGN (0x4)
                0x03001a7c                __data_end = ABSOLUTE (.)
                0x0200a8e4                __iwram_overlay_lma = (__data_lma + SIZEOF (.data))
                0x03001a7c                PROVIDE (edata, .)
                0x03001a7c                __iwram_overlay_start = .

.iwram0         0x03001a7c        0x0 load address 0x0200a8e4
 *(.iwram0)
                0x03001a7c                . = ALIGN (0x4)
                0x0200a8e4                PROVIDE (__load_start_iwram0, LOADADDR (.iwram0))
                0x0200a8e4                PROVIDE (__load_stop_iwram0, (LOADADDR (.iwram0) + SIZEOF (.iwram0)))

.iwram1         0x03001a7c        0x0
 *(.iwram1)
                0x03001a7c                . = ALIGN (0x4)
                0x03001a7c                PROVIDE (__load_start_iwram1, LOADADDR (.iwram1))
                0x03001a7c                PROVIDE (__load_stop_iwram1, (LOADADDR (.iwram1) + SIZEOF (.iwram1)))

.iwram2         0x03001a7c        0x0
 *(.iwram2)
                0x03001a7c                . = ALIGN (0x4)
                0x03001a7c                PROVIDE (__load_start_iwram2, LOADADDR (.iwram2))
                0x03001a7c                PROVIDE (__load_stop_iwram2, (LOADADDR (.iwram2) + SIZEOF (.iwram2)))

.iwram3         0x03001a7c        0x0
 *(.iwram3)
                0x03001a7c                . = ALIGN (0x4)
                0x03001a7c                PROVIDE (__load_start_iwram3, LOADADDR (.iwram3))
                0x03001a7c                PROVIDE (__load_stop_iwram3, (LOADADDR (.iwram3) + SIZEOF (.iwram3)))

.iwram4         0x03001a7c        0x0
 *(.iwram4)
                0x03001a7c                . = ALIGN (0x4)
                0x03001a7c                PROVIDE (__load_start_iwram4, LOADADDR (.iwram4))
                0x03001a7c                PROVIDE (__load_stop_iwram4, (LOADADDR (.iwram4) + SIZEOF (.iwram4)))

.iwram5         0x03001a7c        0x0
 *(.iwram5)
                0x03001a7c                . = ALIGN (0x4)
                0x03001a7c                PROVIDE (__load_start_iwram5, LOADADDR (.iwram5))
                0x03001a7c                PROVIDE (__load_stop_iwram5, (LOADADDR (.iwram5) + SIZEOF (.iwram5)))

.iwram6         0x03001a7c        0x0
 *(.iwram6)
                0x03001a7c                . = ALIGN (0x4)
                0x03001a7c                PROVIDE (__load_start_iwram6, LOADADDR (.iwram6))
                0x03001a7c                PROVIDE (__load_stop_iwram6, (LOADADDR (.iwram6) + SIZEOF (.iwram6)))

.iwram7         0x03001a7c        0x0
 *(.iwram7)
                0x03001a7c                . = ALIGN (0x4)
                0x03001a7c                PROVIDE (__load_start_iwram7, LOADADDR (.iwram7))
                0x03001a7c                PROVIDE (__load_stop_iwram7, (LOADADDR (.iwram7) + SIZEOF (.iwram7)))

.iwram8         0x03001a7c        0x0
 *(.iwram8)
                0x03001a7c                . = ALIGN (0x4)
                0x03001a7c                PROVIDE (__load_start_iwram8, LOADADDR (.iwram8))
                0x03001a7c                PROVIDE (__load_stop_iwram8, (LOADADDR (.iwram8) + SIZEOF (.iwram8)))

.iwram9         0x03001a7c        0x0
 *(.iwram9)
                0x03001a7c                . = ALIGN (0x4)
                0x03001a7c                PROVIDE (__load_start_iwram9, LOADADDR (.iwram9))
                0x03001a7c                PROVIDE (__load_stop_iwram9, (LOADADDR (.iwram9) + SIZEOF (.iwram9)))
                0x0200a8e4                __ewram_lma = ((((((((((LOADADDR (.iwram0) + SIZEOF (.iwram0)) + SIZEOF (.iwram1)) + SIZEOF (.iwram2)) + SIZEOF (.iwram3)) + SIZEOF (.iwram4)) + SIZEOF (.iwram5)) + SIZEOF (.iwram6)) + SIZEOF (.iwram7)) + SIZEOF (.iwram8)) + SIZEOF (.iwram9))
                0x0200a8e4                __iwram_overlay_end = __ewram_lma
                0x0200a8e4                __ewram_start = __ewram_lma

.ewram          0x0200a8e4        0x0
 *(.ewram)
                0x0200a8e4                . = ALIGN (0x4)
                0x0200a8e4                __ewram_overlay_lma = (__ewram_lma + SIZEOF (.ewram))

.sbss           0x0200a8e4        0x0
                0x0200a8e4                __sbss_start = ABSOLUTE (.)
 *(.sbss)
                0x0200a8e4                . = ALIGN (0x4)
                0x0200a8e4                __sbss_end = ABSOLUTE (.)
                0x0200a8e4                __ewram_end = __sbss_end
                0x0200a8e4                __ewram_overlay_start = __sbss_end

.ewram0         0x0200a8e4        0x0
 *(.ewram0)
                0x0200a8e4                . = ALIGN (0x4)
                0x0200a8e4                PROVIDE (__load_start_ewram0, LOADADDR (.ewram0))
                0x0200a8e4                PROVIDE (__load_stop_ewram0, (LOADADDR (.ewram0) + SIZEOF (.ewram0)))

.ewram1         0x0200a8e4        0x0
 *(.ewram1)
                0x0200a8e4                . = ALIGN (0x4)
                0x0200a8e4                PROVIDE (__load_start_ewram1, LOADADDR (.ewram1))
                0x0200a8e4                PROVIDE (__load_stop_ewram1, (LOADADDR (.ewram1) + SIZEOF (.ewram1)))

.ewram2         0x0200a8e4        0x0
 *(.ewram2)
                0x0200a8e4                . = ALIGN (0x4)
                0x0200a8e4                PROVIDE (__load_start_ewram2, LOADADDR (.ewram2))
                0x0200a8e4                PROVIDE (__load_stop_ewram2, (LOADADDR (.ewram2) + SIZEOF (.ewram2)))

.ewram3         0x0200a8e4        0x0
 *(.ewram3)
                0x0200a8e4                . = ALIGN (0x4)
                0x0200a8e4                PROVIDE (__load_start_ewram3, LOADADDR (.ewram3))
                0x0200a8e4                PROVIDE (__load_stop_ewram3, (LOADADDR (.ewram3) + SIZEOF (.ewram3)))

.ewram4         0x0200a8e4        0x0
 *(.ewram4)
                0x0200a8e4                . = ALIGN (0x4)
                0x0200a8e4                PROVIDE (__load_start_ewram4, LOADADDR (.ewram4))
                0x0200a8e4                PROVIDE (__load_stop_ewram4, (LOADADDR (.ewram4) + SIZEOF (.ewram4)))

.ewram5         0x0200a8e4        0x0
 *(.ewram5)
                0x0200a8e4                . = ALIGN (0x4)
                0x0200a8e4                PROVIDE (__load_start_ewram5, LOADADDR (.ewram5))
                0x0200a8e4                PROVIDE (__load_stop_ewram5, (LOADADDR (.ewram5) + SIZEOF (.ewram5)))

.ewram6         0x0200a8e4        0x0
 *(.ewram6)
                0x0200a8e4                . = ALIGN (0x4)
                0x0200a8e4                PROVIDE (__load_start_ewram6, LOADADDR (.ewram6))
                0x0200a8e4                PROVIDE (__load_stop_ewram6, (LOADADDR (.ewram6) + SIZEOF (.ewram6)))

.ewram7         0x0200a8e4        0x0
 *(.ewram7)
                0x0200a8e4                . = ALIGN (0x4)
                0x0200a8e4                PROVIDE (__load_start_ewram7, LOADADDR (.ewram7))
                0x0200a8e4                PROVIDE (__load_stop_ewram7, (LOADADDR (.ewram7) + SIZEOF (.ewram7)))

.ewram8         0x0200a8e4        0x0
 *(.ewram8)
                0x0200a8e4                . = ALIGN (0x4)
                0x0200a8e4                PROVIDE (__load_start_ewram8, LOADADDR (.ewram8))
                0x0200a8e4                PROVIDE (__load_stop_ewram8, (LOADADDR (.ewram8) + SIZEOF (.ewram8)))

.ewram9         0x0200a8e4        0x0
 *(.ewram9)
                0x0200a8e4                . = ALIGN (0x4)
                0x0200a8e4                PROVIDE (__load_start_ewram9, LOADADDR (.ewram9))
                0x0200a8e4                PROVIDE (__load_stop_ewram9, (LOADADDR (.ewram9) + SIZEOF (.ewram9)))
                0x0200a8e4                __ewram_overlay_end = ABSOLUTE (.)
                0x0200a8e4                __eheap_start = __ewram_overlay_end
                0x0200a8e4                _end = __ewram_overlay_end
                0x0200a8e4                __end__ = __ewram_overlay_end
                0x0200a8e4                __rom_end__ = __ewram_overlay_end

.stab
 *(.stab)

.stabstr
 *(.stabstr)

.stab.excl
 *(.stab.excl)

.stab.exclstr
 *(.stab.exclstr)

.stab.index
 *(.stab.index)

.stab.indexstr
 *(.stab.indexstr)

.comment        0x00000000      0x7cb
 *(.comment)
 .comment       0x00000000       0x23 c:/dev/devkitpro/devkitarm/bin/../lib/gcc/arm-eabi/4.4.0/thumb/crtbegin.o
 .comment       0x00000023       0x23 main.o
 .comment       0x00000046       0x23 c:/dev/devkitPro/libgba/lib\libgba.a(console.o)
 .comment       0x00000069       0x23 c:/dev/devkitPro/libgba/lib\libgba.a(interrupt.o)
 .comment       0x0000008c       0x23 c:/dev/devkitPro/libgba/lib\libgba.a(CpuSet.o)
 .comment       0x000000af       0x23 c:/dev/devkitpro/devkitarm/bin/../lib/gcc/arm-eabi/4.4.0/../../../../arm-eabi/lib/thumb\libg.a(lib_a-impure.o)
 .comment       0x000000d2       0x23 c:/dev/devkitpro/devkitarm/bin/../lib/gcc/arm-eabi/4.4.0/../../../../arm-eabi/lib/thumb\libg.a(lib_a-init.o)
 .comment       0x000000f5       0x23 c:/dev/devkitpro/devkitarm/bin/../lib/gcc/arm-eabi/4.4.0/../../../../arm-eabi/lib/thumb\libg.a(lib_a-iprintf.o)
 .comment       0x00000118       0x23 c:/dev/devkitpro/devkitarm/bin/../lib/gcc/arm-eabi/4.4.0/../../../../arm-eabi/lib/thumb\libg.a(lib_a-setvbuf.o)
 .comment       0x0000013b       0x23 c:/dev/devkitpro/devkitarm/bin/../lib/gcc/arm-eabi/4.4.0/../../../../arm-eabi/lib/thumb\libg.a(lib_a-siscanf.o)
 .comment       0x0000015e       0x23 c:/dev/devkitpro/devkitarm/bin/../lib/gcc/arm-eabi/4.4.0/../../../../arm-eabi/lib/thumb\libg.a(lib_a-strlen.o)
 .comment       0x00000181       0x23 c:/dev/devkitpro/devkitarm/bin/../lib/gcc/arm-eabi/4.4.0/../../../../arm-eabi/lib/thumb\libg.a(lib_a-svfiscanf.o)
 .comment       0x000001a4       0x23 c:/dev/devkitpro/devkitarm/bin/../lib/gcc/arm-eabi/4.4.0/../../../../arm-eabi/lib/thumb\libg.a(lib_a-ungetc.o)
 .comment       0x000001c7       0x23 c:/dev/devkitpro/devkitarm/bin/../lib/gcc/arm-eabi/4.4.0/../../../../arm-eabi/lib/thumb\libg.a(lib_a-vfiprintf.o)
 .comment       0x000001ea       0x23 c:/dev/devkitpro/devkitarm/bin/../lib/gcc/arm-eabi/4.4.0/../../../../arm-eabi/lib/thumb\libg.a(lib_a-wcrtomb.o)
 .comment       0x0000020d       0x23 c:/dev/devkitpro/devkitarm/bin/../lib/gcc/arm-eabi/4.4.0/../../../../arm-eabi/lib/thumb\libg.a(lib_a-wcsrtombs.o)
 .comment       0x00000230       0x23 c:/dev/devkitpro/devkitarm/bin/../lib/gcc/arm-eabi/4.4.0/../../../../arm-eabi/lib/thumb\libg.a(lib_a-wctomb_r.o)
 .comment       0x00000253       0x23 c:/dev/devkitpro/devkitarm/bin/../lib/gcc/arm-eabi/4.4.0/../../../../arm-eabi/lib/thumb\libg.a(lib_a-wsetup.o)
 .comment       0x00000276       0x23 c:/dev/devkitpro/devkitarm/bin/../lib/gcc/arm-eabi/4.4.0/../../../../arm-eabi/lib/thumb\libg.a(lib_a-ctype_.o)
 .comment       0x00000299       0x23 c:/dev/devkitpro/devkitarm/bin/../lib/gcc/arm-eabi/4.4.0/../../../../arm-eabi/lib/thumb\libg.a(lib_a-fflush.o)
 .comment       0x000002bc       0x23 c:/dev/devkitpro/devkitarm/bin/../lib/gcc/arm-eabi/4.4.0/../../../../arm-eabi/lib/thumb\libg.a(lib_a-findfp.o)
 .comment       0x000002df       0x23 c:/dev/devkitpro/devkitarm/bin/../lib/gcc/arm-eabi/4.4.0/../../../../arm-eabi/lib/thumb\libg.a(lib_a-freer.o)
 .comment       0x00000302       0x23 c:/dev/devkitpro/devkitarm/bin/../lib/gcc/arm-eabi/4.4.0/../../../../arm-eabi/lib/thumb\libg.a(lib_a-fvwrite.o)
 .comment       0x00000325       0x23 c:/dev/devkitpro/devkitarm/bin/../lib/gcc/arm-eabi/4.4.0/../../../../arm-eabi/lib/thumb\libg.a(lib_a-fwalk.o)
 .comment       0x00000348       0x23 c:/dev/devkitpro/devkitarm/bin/../lib/gcc/arm-eabi/4.4.0/../../../../arm-eabi/lib/thumb\libg.a(lib_a-iswspace.o)
 .comment       0x0000036b       0x23 c:/dev/devkitpro/devkitarm/bin/../lib/gcc/arm-eabi/4.4.0/../../../../arm-eabi/lib/thumb\libg.a(lib_a-jp2uc.o)
 .comment       0x0000038e       0x23 c:/dev/devkitpro/devkitarm/bin/../lib/gcc/arm-eabi/4.4.0/../../../../arm-eabi/lib/thumb\libg.a(lib_a-locale.o)
 .comment       0x000003b1       0x23 c:/dev/devkitpro/devkitarm/bin/../lib/gcc/arm-eabi/4.4.0/../../../../arm-eabi/lib/thumb\libg.a(lib_a-makebuf.o)
 .comment       0x000003d4       0x23 c:/dev/devkitpro/devkitarm/bin/../lib/gcc/arm-eabi/4.4.0/../../../../arm-eabi/lib/thumb\libg.a(lib_a-malloc.o)
 .comment       0x000003f7       0x23 c:/dev/devkitpro/devkitarm/bin/../lib/gcc/arm-eabi/4.4.0/../../../../arm-eabi/lib/thumb\libg.a(lib_a-mallocr.o)
 .comment       0x0000041a       0x23 c:/dev/devkitpro/devkitarm/bin/../lib/gcc/arm-eabi/4.4.0/../../../../arm-eabi/lib/thumb\libg.a(lib_a-mbrtowc.o)
 .comment       0x0000043d       0x23 c:/dev/devkitpro/devkitarm/bin/../lib/gcc/arm-eabi/4.4.0/../../../../arm-eabi/lib/thumb\libg.a(lib_a-mbtowc_r.o)
 .comment       0x00000460       0x23 c:/dev/devkitpro/devkitarm/bin/../lib/gcc/arm-eabi/4.4.0/../../../../arm-eabi/lib/thumb\libg.a(lib_a-memchr.o)
 .comment       0x00000483       0x23 c:/dev/devkitpro/devkitarm/bin/../lib/gcc/arm-eabi/4.4.0/../../../../arm-eabi/lib/thumb\libg.a(lib_a-memcpy.o)
 .comment       0x000004a6       0x23 c:/dev/devkitpro/devkitarm/bin/../lib/gcc/arm-eabi/4.4.0/../../../../arm-eabi/lib/thumb\libg.a(lib_a-memmove.o)
 .comment       0x000004c9       0x23 c:/dev/devkitpro/devkitarm/bin/../lib/gcc/arm-eabi/4.4.0/../../../../arm-eabi/lib/thumb\libg.a(lib_a-memset.o)
 .comment       0x000004ec       0x23 c:/dev/devkitpro/devkitarm/bin/../lib/gcc/arm-eabi/4.4.0/../../../../arm-eabi/lib/thumb\libg.a(lib_a-mlock.o)
 .comment       0x0000050f       0x23 c:/dev/devkitpro/devkitarm/bin/../lib/gcc/arm-eabi/4.4.0/../../../../arm-eabi/lib/thumb\libg.a(lib_a-reallocr.o)
 .comment       0x00000532       0x23 c:/dev/devkitpro/devkitarm/bin/../lib/gcc/arm-eabi/4.4.0/../../../../arm-eabi/lib/thumb\libg.a(lib_a-sccl.o)
 .comment       0x00000555       0x23 c:/dev/devkitpro/devkitarm/bin/../lib/gcc/arm-eabi/4.4.0/../../../../arm-eabi/lib/thumb\libg.a(lib_a-stdio.o)
 .comment       0x00000578       0x23 c:/dev/devkitpro/devkitarm/bin/../lib/gcc/arm-eabi/4.4.0/../../../../arm-eabi/lib/thumb\libg.a(lib_a-strcmp.o)
 .comment       0x0000059b       0x23 c:/dev/devkitpro/devkitarm/bin/../lib/gcc/arm-eabi/4.4.0/../../../../arm-eabi/lib/thumb\libg.a(lib_a-strcpy.o)